[0.000000] (-) TimerEvent: {}
[0.000806] (robot_bringup) JobQueued: {'identifier': 'robot_bringup', 'dependencies': OrderedDict()}
[0.001033] (robot_bringup) JobStarted: {'identifier': 'robot_bringup'}
[0.093512] (-) TimerEvent: {}
[0.194470] (-) TimerEvent: {}
[0.295567] (-) TimerEvent: {}
[0.396583] (-) TimerEvent: {}
[0.498056] (-) TimerEvent: {}
[0.599032] (-) TimerEvent: {}
[0.700012] (-) TimerEvent: {}
[0.801002] (-) TimerEvent: {}
[0.902036] (-) TimerEvent: {}
[1.003069] (-) TimerEvent: {}
[1.104049] (-) TimerEvent: {}
[1.205024] (-) TimerEvent: {}
[1.306007] (-) TimerEvent: {}
[1.406994] (-) TimerEvent: {}
[1.507985] (-) TimerEvent: {}
[1.609022] (-) TimerEvent: {}
[1.717371] (-) TimerEvent: {}
[1.818357] (-) TimerEvent: {}
[1.919299] (-) TimerEvent: {}
[2.020295] (-) TimerEvent: {}
[2.121419] (-) TimerEvent: {}
[2.138572] (robot_bringup) Command: {'cmd': ['/usr/bin/python3', '-W', 'ignore:setup.py install is deprecated', '-W', 'ignore:easy_install command is deprecated', 'setup.py', 'egg_info', '--egg-base', '../../build/robot_bringup', 'build', '--build-base', '/home/argo/krishna/robot/build/robot_bringup/build', 'install', '--record', '/home/argo/krishna/robot/build/robot_bringup/install.log', '--single-version-externally-managed', 'install_data'], 'cwd': '/home/argo/krishna/robot/src/robot_bringup', 'env': {'VNCDESKTOP': 'argo-desktop:1 (argo)', 'LANGUAGE': 'en_IN:en', 'USER': 'argo', 'SSH_CLIENT': '192.168.1.9 55948 22', 'SSH_AGENT_PID': '2288', 'XDG_SESSION_TYPE': 'x11', 'SHLVL': '2', 'LIBGL_ALWAYS_SOFTWARE': '1', 'LD_LIBRARY_PATH': '/opt/ros/humble/opt/rviz_ogre_vendor/lib:/opt/ros/humble/lib/aarch64-linux-gnu:/opt/ros/humble/opt/openvdb_vendor/lib:/opt/ros/humble/lib:/home/argo/EaiCameraSdk_v1.2.28.20241015/demo/linux_ros/ros2/ascamera/libs/lib/aarch64-linux-gnu:/home/argo/EaiCameraSdk_v1.2.28.20241015/demo/linux_ros/ros2/ascamera/libs/lib/aarch64-linux-gnu', 'MOTD_SHOWN': 'pam', 'HOME': '/home/argo', 'OLDPWD': '/home/argo/krishna/robot/src', 'DESKTOP_SESSION': 'xfce', 'SSH_TTY': '/dev/pts/1', 'ROS_PYTHON_VERSION': '3', 'DBUS_SESSION_BUS_ADDRESS': 'unix:abstract=/tmp/dbus-dRH1T11XGo,guid=52297a559fdeaa68a68e69946a8e6eec', 'COLORTERM': 'truecolor', 'COLCON_PREFIX_PATH': '/home/argo/krishna/robot/install', 'ROS_DISTRO': 'humble', 'LOGNAME': 'argo', 'WINDOWID': '27269425', '_': '/usr/bin/colcon', 'ROS_VERSION': '2', 'XDG_SESSION_CLASS': 'user', 'TERM': 'xterm-256color', 'XDG_SESSION_ID': '4', 'ROS_LOCALHOST_ONLY': '0', 'PATH': '/home/argo/piper:/home/argo/.local/bin:/home/argo/piper:/opt/ros/humble/bin:/usr/local/sbin:/usr/local/bin:/usr/sbin:/usr/bin:/sbin:/bin:/usr/games:/usr/local/games:/snap/bin', 'SESSION_MANAGER': 'local/argo-desktop:@/tmp/.ICE-unix/2237,unix/argo-desktop:/tmp/.ICE-unix/2237', 'XDG_MENU_PREFIX': 'xfce-', 'XDG_RUNTIME_DIR': '/run/user/1000', 'DISPLAY': ':1.0', 'LANG': 'en_IN', 'XDG_CURRENT_DESKTOP': 'XFCE', 'SSH_AUTH_SOCK': '/tmp/ssh-XXXXXX1Lc906/agent.2287', 'ROS_DOMAIN_ID': '0', 'AMENT_PREFIX_PATH': '/home/argo/krishna/robot/install/robot_bringup:/opt/ros/humble', 'SHELL': '/bin/bash', 'PWD': '/home/argo/krishna/robot/build/robot_bringup', 'QT_QPA_PLATFORM': 'xcb', 'LC_ALL': 'en_US.UTF-8', 'XDG_CONFIG_DIRS': '/etc/xdg', 'SSH_CONNECTION': '192.168.1.9 55948 192.168.1.16 22', 'XDG_DATA_DIRS': '/usr/local/share:/usr/share', 'PYTHONPATH': '/home/argo/krishna/robot/build/robot_bringup/prefix_override:/usr/lib/python3/dist-packages/colcon_core/task/python/colcon_distutils_commands:/home/argo/krishna/robot/install/robot_bringup/lib/python3.10/site-packages:/home/krishna/slam_robot_ws/build/robot_bringup:/home/argo/krishna/robot/install/robot_bringup/lib/python3.10/site-packages:/opt/ros/humble/lib/python3.10/site-packages:/opt/ros/humble/local/lib/python3.10/dist-packages', 'COLCON': '1', 'VTE_VERSION': '6800'}, 'shell': False}
[2.221640] (-) TimerEvent: {}
[2.322627] (-) TimerEvent: {}
[2.423596] (-) TimerEvent: {}
[2.525400] (-) TimerEvent: {}
[2.626431] (-) TimerEvent: {}
[2.727386] (-) TimerEvent: {}
[2.828490] (-) TimerEvent: {}
[2.918094] (robot_bringup) StdoutLine: {'line': b'running egg_info\n'}
[2.920636] (robot_bringup) StdoutLine: {'line': b'writing ../../build/robot_bringup/robot_bringup.egg-info/PKG-INFO\n'}
[2.921915] (robot_bringup) StdoutLine: {'line': b'writing dependency_links to ../../build/robot_bringup/robot_bringup.egg-info/dependency_links.txt\n'}
[2.922525] (robot_bringup) StdoutLine: {'line': b'writing entry points to ../../build/robot_bringup/robot_bringup.egg-info/entry_points.txt\n'}
[2.923195] (robot_bringup) StdoutLine: {'line': b'writing requirements to ../../build/robot_bringup/robot_bringup.egg-info/requires.txt\n'}
[2.923632] (robot_bringup) StdoutLine: {'line': b'writing top-level names to ../../build/robot_bringup/robot_bringup.egg-info/top_level.txt\n'}
[2.928603] (-) TimerEvent: {}
[2.932860] (robot_bringup) StdoutLine: {'line': b"reading manifest file '../../build/robot_bringup/robot_bringup.egg-info/SOURCES.txt'\n"}
[2.935028] (robot_bringup) StdoutLine: {'line': b"writing manifest file '../../build/robot_bringup/robot_bringup.egg-info/SOURCES.txt'\n"}
[2.935685] (robot_bringup) StdoutLine: {'line': b'running build\n'}
[2.935934] (robot_bringup) StdoutLine: {'line': b'running build_py\n'}
[2.936412] (robot_bringup) StdoutLine: {'line': b'running install\n'}
[2.937423] (robot_bringup) StdoutLine: {'line': b'running install_lib\n'}
[2.941053] (robot_bringup) StdoutLine: {'line': b'running install_data\n'}
[2.942142] (robot_bringup) StdoutLine: {'line': b'copying ../../config/mapper_params_online_async.yaml -> /home/argo/krishna/robot/install/robot_bringup/share/robot_bringup/config\n'}
[2.942600] (robot_bringup) StdoutLine: {'line': b'running install_egg_info\n'}
[2.948153] (robot_bringup) StdoutLine: {'line': b"removing '/home/argo/krishna/robot/install/robot_bringup/lib/python3.10/site-packages/robot_bringup-0.0.1-py3.10.egg-info' (and everything under it)\n"}
[2.949314] (robot_bringup) StdoutLine: {'line': b'Copying ../../build/robot_bringup/robot_bringup.egg-info to /home/argo/krishna/robot/install/robot_bringup/lib/python3.10/site-packages/robot_bringup-0.0.1-py3.10.egg-info\n'}
[2.952087] (robot_bringup) StdoutLine: {'line': b'running install_scripts\n'}
[3.015424] (robot_bringup) StdoutLine: {'line': b'Installing serial_bridge_node script to /home/argo/krishna/robot/install/robot_bringup/lib/robot_bringup\n'}
[3.016398] (robot_bringup) StdoutLine: {'line': b'Installing teleop_keyboard script to /home/argo/krishna/robot/install/robot_bringup/lib/robot_bringup\n'}
[3.017462] (robot_bringup) StdoutLine: {'line': b"writing list of installed files to '/home/argo/krishna/robot/build/robot_bringup/install.log'\n"}
[3.029119] (-) TimerEvent: {}
[3.130306] (-) TimerEvent: {}
[3.158822] (robot_bringup) CommandEnded: {'returncode': 0}
[3.188867] (robot_bringup) JobEnded: {'identifier': 'robot_bringup', 'rc': 0}
[3.191215] (-) EventReactorShutdown: {}
