/home/argo/krishna/robot/install/robot_bringup/lib/python3.10/site-packages/robot_bringup/serial_bridge.py
/home/argo/krishna/robot/install/robot_bringup/lib/python3.10/site-packages/robot_bringup/__init__.py
/home/argo/krishna/robot/install/robot_bringup/lib/python3.10/site-packages/robot_bringup/teleop_keyboard.py
/home/argo/krishna/robot/install/robot_bringup/lib/python3.10/site-packages/robot_bringup/__pycache__/serial_bridge.cpython-310.pyc
/home/argo/krishna/robot/install/robot_bringup/lib/python3.10/site-packages/robot_bringup/__pycache__/__init__.cpython-310.pyc
/home/argo/krishna/robot/install/robot_bringup/lib/python3.10/site-packages/robot_bringup/__pycache__/teleop_keyboard.cpython-310.pyc
/home/argo/krishna/robot/install/robot_bringup/share/ament_index/resource_index/packages/robot_bringup
/home/argo/krishna/robot/install/robot_bringup/share/robot_bringup/package.xml
/home/argo/krishna/robot/install/robot_bringup/share/robot_bringup/launch/slam_launch.py
/home/argo/krishna/robot/install/robot_bringup/share/robot_bringup/launch/bringup_launch.py
/home/argo/krishna/robot/install/robot_bringup/share/robot_bringup/config/mapper_params_online_async.yaml
/home/argo/krishna/robot/install/robot_bringup/share/robot_bringup/config/slam_view.rviz
/home/argo/krishna/robot/install/robot_bringup/share/robot_bringup/urdf/robot.urdf.xacro
/home/argo/krishna/robot/install/robot_bringup/lib/python3.10/site-packages/robot_bringup-0.0.1-py3.10.egg-info/entry_points.txt
/home/argo/krishna/robot/install/robot_bringup/lib/python3.10/site-packages/robot_bringup-0.0.1-py3.10.egg-info/requires.txt
/home/argo/krishna/robot/install/robot_bringup/lib/python3.10/site-packages/robot_bringup-0.0.1-py3.10.egg-info/SOURCES.txt
/home/argo/krishna/robot/install/robot_bringup/lib/python3.10/site-packages/robot_bringup-0.0.1-py3.10.egg-info/zip-safe
/home/argo/krishna/robot/install/robot_bringup/lib/python3.10/site-packages/robot_bringup-0.0.1-py3.10.egg-info/PKG-INFO
/home/argo/krishna/robot/install/robot_bringup/lib/python3.10/site-packages/robot_bringup-0.0.1-py3.10.egg-info/dependency_links.txt
/home/argo/krishna/robot/install/robot_bringup/lib/python3.10/site-packages/robot_bringup-0.0.1-py3.10.egg-info/top_level.txt
/home/argo/krishna/robot/install/robot_bringup/lib/robot_bringup/serial_bridge_node
/home/argo/krishna/robot/install/robot_bringup/lib/robot_bringup/teleop_keyboard
