running egg_info
creating ../../build/robot_bringup/robot_bringup.egg-info
writing ../../build/robot_bringup/robot_bringup.egg-info/PKG-INFO
writing dependency_links to ../../build/robot_bringup/robot_bringup.egg-info/dependency_links.txt
writing entry points to ../../build/robot_bringup/robot_bringup.egg-info/entry_points.txt
writing requirements to ../../build/robot_bringup/robot_bringup.egg-info/requires.txt
writing top-level names to ../../build/robot_bringup/robot_bringup.egg-info/top_level.txt
writing manifest file '../../build/robot_bringup/robot_bringup.egg-info/SOURCES.txt'
reading manifest file '../../build/robot_bringup/robot_bringup.egg-info/SOURCES.txt'
writing manifest file '../../build/robot_bringup/robot_bringup.egg-info/SOURCES.txt'
running build
running build_py
creating /home/krishna/slam_robot_ws/build/robot_bringup/build
creating /home/krishna/slam_robot_ws/build/robot_bringup/build/lib
creating /home/krishna/slam_robot_ws/build/robot_bringup/build/lib/robot_bringup
copying robot_bringup/__init__.py -> /home/krishna/slam_robot_ws/build/robot_bringup/build/lib/robot_bringup
copying robot_bringup/serial_bridge.py -> /home/krishna/slam_robot_ws/build/robot_bringup/build/lib/robot_bringup
running install
running install_lib
creating /home/krishna/slam_robot_ws/install/robot_bringup/lib/python3.10/site-packages/robot_bringup
copying /home/krishna/slam_robot_ws/build/robot_bringup/build/lib/robot_bringup/__init__.py -> /home/krishna/slam_robot_ws/install/robot_bringup/lib/python3.10/site-packages/robot_bringup
copying /home/krishna/slam_robot_ws/build/robot_bringup/build/lib/robot_bringup/serial_bridge.py -> /home/krishna/slam_robot_ws/install/robot_bringup/lib/python3.10/site-packages/robot_bringup
byte-compiling /home/krishna/slam_robot_ws/install/robot_bringup/lib/python3.10/site-packages/robot_bringup/__init__.py to __init__.cpython-310.pyc
byte-compiling /home/krishna/slam_robot_ws/install/robot_bringup/lib/python3.10/site-packages/robot_bringup/serial_bridge.py to serial_bridge.cpython-310.pyc
running install_data
creating /home/krishna/slam_robot_ws/install/robot_bringup/share/ament_index
creating /home/krishna/slam_robot_ws/install/robot_bringup/share/ament_index/resource_index
creating /home/krishna/slam_robot_ws/install/robot_bringup/share/ament_index/resource_index/packages
copying resource/robot_bringup -> /home/krishna/slam_robot_ws/install/robot_bringup/share/ament_index/resource_index/packages
copying package.xml -> /home/krishna/slam_robot_ws/install/robot_bringup/share/robot_bringup
creating /home/krishna/slam_robot_ws/install/robot_bringup/share/robot_bringup/launch
copying launch/bringup_launch.py -> /home/krishna/slam_robot_ws/install/robot_bringup/share/robot_bringup/launch
copying launch/slam_launch.py -> /home/krishna/slam_robot_ws/install/robot_bringup/share/robot_bringup/launch
creating /home/krishna/slam_robot_ws/install/robot_bringup/share/robot_bringup/config
copying ../../config/mapper_params_online_async.yaml -> /home/krishna/slam_robot_ws/install/robot_bringup/share/robot_bringup/config
copying ../../config/slam_view.rviz -> /home/krishna/slam_robot_ws/install/robot_bringup/share/robot_bringup/config
creating /home/krishna/slam_robot_ws/install/robot_bringup/share/robot_bringup/urdf
copying urdf/robot.urdf.xacro -> /home/krishna/slam_robot_ws/install/robot_bringup/share/robot_bringup/urdf
running install_egg_info
Copying ../../build/robot_bringup/robot_bringup.egg-info to /home/krishna/slam_robot_ws/install/robot_bringup/lib/python3.10/site-packages/robot_bringup-0.0.1-py3.10.egg-info
running install_scripts
Installing serial_bridge_node script to /home/krishna/slam_robot_ws/install/robot_bringup/lib/robot_bringup
writing list of installed files to '/home/krishna/slam_robot_ws/build/robot_bringup/install.log'
