[0.580s] Invoking command in '/home/krishna/slam_robot_ws/src/robot_bringup': PYTHONPATH=/home/krishna/slam_robot_ws/build/robot_bringup/prefix_override:/usr/lib/python3/dist-packages/colcon_core/task/python/colcon_distutils_commands:/home/krishna/slam_robot_ws/install/robot_bringup/lib/python3.10/site-packages:${PYTHONPATH} /usr/bin/python3 -W ignore:setup.py install is deprecated -W ignore:easy_install command is deprecated setup.py egg_info --egg-base ../../build/robot_bringup build --build-base /home/krishna/slam_robot_ws/build/robot_bringup/build install --record /home/krishna/slam_robot_ws/build/robot_bringup/install.log --install-scripts $base/lib/robot_bringup --single-version-externally-managed install_data
[0.752s] running egg_info
[0.752s] creating ../../build/robot_bringup/robot_bringup.egg-info
[0.752s] writing ../../build/robot_bringup/robot_bringup.egg-info/PKG-INFO
[0.753s] writing dependency_links to ../../build/robot_bringup/robot_bringup.egg-info/dependency_links.txt
[0.753s] writing entry points to ../../build/robot_bringup/robot_bringup.egg-info/entry_points.txt
[0.753s] writing requirements to ../../build/robot_bringup/robot_bringup.egg-info/requires.txt
[0.753s] writing top-level names to ../../build/robot_bringup/robot_bringup.egg-info/top_level.txt
[0.753s] writing manifest file '../../build/robot_bringup/robot_bringup.egg-info/SOURCES.txt'
[0.754s] reading manifest file '../../build/robot_bringup/robot_bringup.egg-info/SOURCES.txt'
[0.755s] writing manifest file '../../build/robot_bringup/robot_bringup.egg-info/SOURCES.txt'
[0.755s] running build
[0.755s] running build_py
[0.755s] creating /home/krishna/slam_robot_ws/build/robot_bringup/build
[0.755s] creating /home/krishna/slam_robot_ws/build/robot_bringup/build/lib
[0.755s] creating /home/krishna/slam_robot_ws/build/robot_bringup/build/lib/robot_bringup
[0.755s] copying robot_bringup/__init__.py -> /home/krishna/slam_robot_ws/build/robot_bringup/build/lib/robot_bringup
[0.756s] copying robot_bringup/serial_bridge.py -> /home/krishna/slam_robot_ws/build/robot_bringup/build/lib/robot_bringup
[0.756s] running install
[0.756s] running install_lib
[0.756s] creating /home/krishna/slam_robot_ws/install/robot_bringup/lib/python3.10/site-packages/robot_bringup
[0.757s] copying /home/krishna/slam_robot_ws/build/robot_bringup/build/lib/robot_bringup/__init__.py -> /home/krishna/slam_robot_ws/install/robot_bringup/lib/python3.10/site-packages/robot_bringup
[0.757s] copying /home/krishna/slam_robot_ws/build/robot_bringup/build/lib/robot_bringup/serial_bridge.py -> /home/krishna/slam_robot_ws/install/robot_bringup/lib/python3.10/site-packages/robot_bringup
[0.757s] byte-compiling /home/krishna/slam_robot_ws/install/robot_bringup/lib/python3.10/site-packages/robot_bringup/__init__.py to __init__.cpython-310.pyc
[0.757s] byte-compiling /home/krishna/slam_robot_ws/install/robot_bringup/lib/python3.10/site-packages/robot_bringup/serial_bridge.py to serial_bridge.cpython-310.pyc
[0.759s] running install_data
[0.759s] creating /home/krishna/slam_robot_ws/install/robot_bringup/share/ament_index
[0.759s] creating /home/krishna/slam_robot_ws/install/robot_bringup/share/ament_index/resource_index
[0.760s] creating /home/krishna/slam_robot_ws/install/robot_bringup/share/ament_index/resource_index/packages
[0.760s] copying resource/robot_bringup -> /home/krishna/slam_robot_ws/install/robot_bringup/share/ament_index/resource_index/packages
[0.760s] copying package.xml -> /home/krishna/slam_robot_ws/install/robot_bringup/share/robot_bringup
[0.760s] creating /home/krishna/slam_robot_ws/install/robot_bringup/share/robot_bringup/launch
[0.760s] copying launch/bringup_launch.py -> /home/krishna/slam_robot_ws/install/robot_bringup/share/robot_bringup/launch
[0.760s] copying launch/slam_launch.py -> /home/krishna/slam_robot_ws/install/robot_bringup/share/robot_bringup/launch
[0.760s] creating /home/krishna/slam_robot_ws/install/robot_bringup/share/robot_bringup/config
[0.760s] copying ../../config/mapper_params_online_async.yaml -> /home/krishna/slam_robot_ws/install/robot_bringup/share/robot_bringup/config
[0.760s] copying ../../config/slam_view.rviz -> /home/krishna/slam_robot_ws/install/robot_bringup/share/robot_bringup/config
[0.761s] creating /home/krishna/slam_robot_ws/install/robot_bringup/share/robot_bringup/urdf
[0.761s] copying urdf/robot.urdf.xacro -> /home/krishna/slam_robot_ws/install/robot_bringup/share/robot_bringup/urdf
[0.761s] running install_egg_info
[0.762s] Copying ../../build/robot_bringup/robot_bringup.egg-info to /home/krishna/slam_robot_ws/install/robot_bringup/lib/python3.10/site-packages/robot_bringup-0.0.1-py3.10.egg-info
[0.763s] running install_scripts
[0.778s] Installing serial_bridge_node script to /home/krishna/slam_robot_ws/install/robot_bringup/lib/robot_bringup
[0.779s] writing list of installed files to '/home/krishna/slam_robot_ws/build/robot_bringup/install.log'
[0.798s] Invoked command in '/home/krishna/slam_robot_ws/src/robot_bringup' returned '0': PYTHONPATH=/home/krishna/slam_robot_ws/build/robot_bringup/prefix_override:/usr/lib/python3/dist-packages/colcon_core/task/python/colcon_distutils_commands:/home/krishna/slam_robot_ws/install/robot_bringup/lib/python3.10/site-packages:${PYTHONPATH} /usr/bin/python3 -W ignore:setup.py install is deprecated -W ignore:easy_install command is deprecated setup.py egg_info --egg-base ../../build/robot_bringup build --build-base /home/krishna/slam_robot_ws/build/robot_bringup/build install --record /home/krishna/slam_robot_ws/build/robot_bringup/install.log --install-scripts $base/lib/robot_bringup --single-version-externally-managed install_data
