running develop
running egg_info
creating robot_bringup.egg-info
writing robot_bringup.egg-info/PKG-INFO
writing dependency_links to robot_bringup.egg-info/dependency_links.txt
writing entry points to robot_bringup.egg-info/entry_points.txt
writing requirements to robot_bringup.egg-info/requires.txt
writing top-level names to robot_bringup.egg-info/top_level.txt
writing manifest file 'robot_bringup.egg-info/SOURCES.txt'
reading manifest file 'robot_bringup.egg-info/SOURCES.txt'
writing manifest file 'robot_bringup.egg-info/SOURCES.txt'
running build_ext
Creating /home/krishna/slam_robot_ws/install/robot_bringup/lib/python3.10/site-packages/robot-bringup.egg-link (link to .)
Installing serial_bridge_node script to /home/krishna/slam_robot_ws/install/robot_bringup/lib/robot_bringup
Installing teleop_keyboard script to /home/krishna/slam_robot_ws/install/robot_bringup/lib/robot_bringup

Installed /home/krishna/slam_robot_ws/build/robot_bringup
running symlink_data
creating /home/krishna/slam_robot_ws/install/robot_bringup/share/ament_index
creating /home/krishna/slam_robot_ws/install/robot_bringup/share/ament_index/resource_index
creating /home/krishna/slam_robot_ws/install/robot_bringup/share/ament_index/resource_index/packages
symbolically linking /home/krishna/slam_robot_ws/build/robot_bringup/resource/robot_bringup -> /home/krishna/slam_robot_ws/install/robot_bringup/share/ament_index/resource_index/packages
symbolically linking /home/krishna/slam_robot_ws/build/robot_bringup/package.xml -> /home/krishna/slam_robot_ws/install/robot_bringup/share/robot_bringup
creating /home/krishna/slam_robot_ws/install/robot_bringup/share/robot_bringup/launch
symbolically linking /home/krishna/slam_robot_ws/build/robot_bringup/launch/bringup_launch.py -> /home/krishna/slam_robot_ws/install/robot_bringup/share/robot_bringup/launch
symbolically linking /home/krishna/slam_robot_ws/build/robot_bringup/launch/nav2_launch.py -> /home/krishna/slam_robot_ws/install/robot_bringup/share/robot_bringup/launch
symbolically linking /home/krishna/slam_robot_ws/build/robot_bringup/launch/slam_launch.py -> /home/krishna/slam_robot_ws/install/robot_bringup/share/robot_bringup/launch
creating /home/krishna/slam_robot_ws/install/robot_bringup/share/robot_bringup/config
symbolically linking /home/krishna/slam_robot_ws/config/nav2_params.yaml -> /home/krishna/slam_robot_ws/install/robot_bringup/share/robot_bringup/config
symbolically linking /home/krishna/slam_robot_ws/config/mapper_params_online_async.yaml -> /home/krishna/slam_robot_ws/install/robot_bringup/share/robot_bringup/config
symbolically linking /home/krishna/slam_robot_ws/config/slam_view.rviz -> /home/krishna/slam_robot_ws/install/robot_bringup/share/robot_bringup/config
creating /home/krishna/slam_robot_ws/install/robot_bringup/share/robot_bringup/urdf
symbolically linking /home/krishna/slam_robot_ws/build/robot_bringup/urdf/robot.urdf.xacro -> /home/krishna/slam_robot_ws/install/robot_bringup/share/robot_bringup/urdf
creating /home/krishna/slam_robot_ws/install/robot_bringup/share/robot_bringup/maps
