[0.000000] (-) TimerEvent: {}
[0.001499] (robot_bringup) JobQueued: {'identifier': 'robot_bringup', 'dependencies': OrderedDict()}
[0.002059] (robot_bringup) JobStarted: {'identifier': 'robot_bringup'}
[0.098261] (-) TimerEvent: {}
[0.199192] (-) TimerEvent: {}
[0.300121] (-) TimerEvent: {}
[0.401066] (-) TimerEvent: {}
[0.501983] (-) TimerEvent: {}
[0.602895] (-) TimerEvent: {}
[0.703853] (-) TimerEvent: {}
[0.804834] (-) TimerEvent: {}
[0.905748] (-) TimerEvent: {}
[1.006496] (-) TimerEvent: {}
[1.107486] (-) TimerEvent: {}
[1.208379] (-) TimerEvent: {}
[1.309291] (-) TimerEvent: {}
[1.410204] (-) TimerEvent: {}
[1.511159] (-) TimerEvent: {}
[1.612053] (-) TimerEvent: {}
[1.712970] (-) TimerEvent: {}
[1.813861] (-) TimerEvent: {}
[1.914789] (-) TimerEvent: {}
[2.015888] (-) TimerEvent: {}
[2.047972] (robot_bringup) Command: {'cmd': ['/usr/bin/python3', '-W', 'ignore:setup.py install is deprecated', '-W', 'ignore:easy_install command is deprecated', 'setup.py', 'egg_info', '--egg-base', '../../build/robot_bringup', 'build', '--build-base', '/home/argo/krishna/robot/build/robot_bringup/build', 'install', '--record', '/home/argo/krishna/robot/build/robot_bringup/install.log', '--single-version-externally-managed', 'install_data'], 'cwd': '/home/argo/krishna/robot/src/robot_bringup', 'env': {'VNCDESKTOP': 'argo-desktop:2 (argo)', 'LANGUAGE': 'en_IN:en', 'USER': 'argo', 'SSH_CLIENT': '192.168.1.9 44112 22', 'SSH_AGENT_PID': '3642', 'XDG_SESSION_TYPE': 'x11', 'SHLVL': '2', 'LIBGL_ALWAYS_SOFTWARE': '1', 'LD_LIBRARY_PATH': '/opt/ros/humble/opt/rviz_ogre_vendor/lib:/opt/ros/humble/lib/aarch64-linux-gnu:/opt/ros/humble/opt/openvdb_vendor/lib:/opt/ros/humble/lib:/home/argo/EaiCameraSdk_v1.2.28.20241015/demo/linux_ros/ros2/ascamera/libs/lib/aarch64-linux-gnu:/home/argo/EaiCameraSdk_v1.2.28.20241015/demo/linux_ros/ros2/ascamera/libs/lib/aarch64-linux-gnu', 'MOTD_SHOWN': 'pam', 'HOME': '/home/argo', 'OLDPWD': '/home/argo', 'DESKTOP_SESSION': 'xfce', 'SSH_TTY': '/dev/pts/6', 'PANEL_GDK_CORE_DEVICE_EVENTS': '0', 'ROS_PYTHON_VERSION': '3', 'DBUS_SESSION_BUS_ADDRESS': 'unix:abstract=/tmp/dbus-RKGGSuGquJ,guid=88a8792b6e659c6020116ffe6a8e8d1d', 'COLORTERM': 'truecolor', 'COLCON_PREFIX_PATH': '/home/argo/krishna/robot/install', 'ROS_DISTRO': 'humble', 'LOGNAME': 'argo', 'WINDOWID': '48234499', '_': '/usr/bin/colcon', 'ROS_VERSION': '2', 'XDG_SESSION_CLASS': 'user', 'TERM': 'xterm-256color', 'XDG_SESSION_ID': '7', 'ROS_LOCALHOST_ONLY': '0', 'PATH': '/home/argo/piper:/home/argo/.local/bin:/home/argo/piper:/opt/ros/humble/bin:/usr/local/sbin:/usr/local/bin:/usr/sbin:/usr/bin:/sbin:/bin:/usr/games:/usr/local/games:/snap/bin', 'SESSION_MANAGER': 'local/argo-desktop:@/tmp/.ICE-unix/3593,unix/argo-desktop:/tmp/.ICE-unix/3593', 'XDG_MENU_PREFIX': 'xfce-', 'XDG_RUNTIME_DIR': '/run/user/1000', 'DISPLAY': ':2.0', 'LANG': 'en_IN', 'XDG_CURRENT_DESKTOP': 'XFCE', 'SSH_AUTH_SOCK': '/tmp/ssh-XXXXXXbqWXZ3/agent.3641', 'ROS_DOMAIN_ID': '0', 'AMENT_PREFIX_PATH': '/home/argo/krishna/robot/install/robot_bringup:/opt/ros/humble', 'SHELL': '/bin/bash', 'PWD': '/home/argo/krishna/robot/build/robot_bringup', 'QT_QPA_PLATFORM': 'xcb', 'LC_ALL': 'en_US.UTF-8', 'XDG_CONFIG_DIRS': '/etc/xdg', 'SSH_CONNECTION': '192.168.1.9 44112 192.168.1.16 22', 'XDG_DATA_DIRS': '/usr/local/share:/usr/share', 'PYTHONPATH': '/home/argo/krishna/robot/build/robot_bringup/prefix_override:/usr/lib/python3/dist-packages/colcon_core/task/python/colcon_distutils_commands:/home/argo/krishna/robot/install/robot_bringup/lib/python3.10/site-packages:/home/argo/krishna/robot/install/robot_bringup/lib/python3.10/site-packages:/opt/ros/humble/lib/python3.10/site-packages:/opt/ros/humble/local/lib/python3.10/dist-packages', 'COLCON': '1', 'VTE_VERSION': '6800'}, 'shell': False}
[2.116099] (-) TimerEvent: {}
[2.217020] (-) TimerEvent: {}
[2.317950] (-) TimerEvent: {}
[2.418852] (-) TimerEvent: {}
[2.519818] (-) TimerEvent: {}
[2.620769] (-) TimerEvent: {}
[2.801573] (robot_bringup) StdoutLine: {'line': b'running egg_info\n'}
[2.979219] (-) TimerEvent: {}
[2.979954] (robot_bringup) StdoutLine: {'line': b'writing ../../build/robot_bringup/robot_bringup.egg-info/PKG-INFO\n'}
[2.981031] (robot_bringup) StdoutLine: {'line': b'writing dependency_links to ../../build/robot_bringup/robot_bringup.egg-info/dependency_links.txt\n'}
[2.981655] (robot_bringup) StdoutLine: {'line': b'writing entry points to ../../build/robot_bringup/robot_bringup.egg-info/entry_points.txt\n'}
[2.982014] (robot_bringup) StdoutLine: {'line': b'writing requirements to ../../build/robot_bringup/robot_bringup.egg-info/requires.txt\n'}
[2.982369] (robot_bringup) StdoutLine: {'line': b'writing top-level names to ../../build/robot_bringup/robot_bringup.egg-info/top_level.txt\n'}
[2.992271] (robot_bringup) StdoutLine: {'line': b"reading manifest file '../../build/robot_bringup/robot_bringup.egg-info/SOURCES.txt'\n"}
[2.994297] (robot_bringup) StdoutLine: {'line': b"writing manifest file '../../build/robot_bringup/robot_bringup.egg-info/SOURCES.txt'\n"}
[2.994718] (robot_bringup) StdoutLine: {'line': b'running build\n'}
[2.995073] (robot_bringup) StdoutLine: {'line': b'running build_py\n'}
[2.995698] (robot_bringup) StdoutLine: {'line': b'running install\n'}
[2.996660] (robot_bringup) StdoutLine: {'line': b'running install_lib\n'}
[3.000405] (robot_bringup) StdoutLine: {'line': b'running install_data\n'}
[3.001037] (robot_bringup) StdoutLine: {'line': b'running install_egg_info\n'}
[3.006700] (robot_bringup) StdoutLine: {'line': b"removing '/home/argo/krishna/robot/install/robot_bringup/lib/python3.10/site-packages/robot_bringup-0.0.1-py3.10.egg-info' (and everything under it)\n"}
[3.008068] (robot_bringup) StdoutLine: {'line': b'Copying ../../build/robot_bringup/robot_bringup.egg-info to /home/argo/krishna/robot/install/robot_bringup/lib/python3.10/site-packages/robot_bringup-0.0.1-py3.10.egg-info\n'}
[3.011459] (robot_bringup) StdoutLine: {'line': b'running install_scripts\n'}
[3.075916] (robot_bringup) StdoutLine: {'line': b'Installing serial_bridge_node script to /home/argo/krishna/robot/install/robot_bringup/lib/robot_bringup\n'}
[3.076677] (robot_bringup) StdoutLine: {'line': b'Installing teleop_keyboard script to /home/argo/krishna/robot/install/robot_bringup/lib/robot_bringup\n'}
[3.077818] (robot_bringup) StdoutLine: {'line': b"writing list of installed files to '/home/argo/krishna/robot/build/robot_bringup/install.log'\n"}
[3.079277] (-) TimerEvent: {}
[3.179945] (-) TimerEvent: {}
[3.210977] (robot_bringup) CommandEnded: {'returncode': 0}
[3.261757] (robot_bringup) JobEnded: {'identifier': 'robot_bringup', 'rc': 0}
[3.264651] (-) EventReactorShutdown: {}
