[0.725s] Invoking command in '/home/krishna/slam_robot_ws/build/robot_bringup': PYTHONPATH=/home/krishna/slam_robot_ws/build/robot_bringup/prefix_override:/usr/lib/python3/dist-packages/colcon_core/task/python/colcon_distutils_commands:/home/krishna/slam_robot_ws/install/robot_bringup/lib/python3.10/site-packages:${PYTHONPATH} /usr/bin/python3 -W ignore:setup.py install is deprecated -W ignore:easy_install command is deprecated setup.py develop --editable --build-directory /home/krishna/slam_robot_ws/build/robot_bringup/build --no-deps symlink_data
[0.920s] running develop
[1.036s] running egg_info
[1.036s] writing robot_bringup.egg-info/PKG-INFO
[1.036s] writing dependency_links to robot_bringup.egg-info/dependency_links.txt
[1.036s] writing entry points to robot_bringup.egg-info/entry_points.txt
[1.036s] writing requirements to robot_bringup.egg-info/requires.txt
[1.036s] writing top-level names to robot_bringup.egg-info/top_level.txt
[1.037s] reading manifest file 'robot_bringup.egg-info/SOURCES.txt'
[1.038s] writing manifest file 'robot_bringup.egg-info/SOURCES.txt'
[1.039s] running build_ext
[1.039s] Creating /home/krishna/slam_robot_ws/install/robot_bringup/lib/python3.10/site-packages/robot-bringup.egg-link (link to .)
[1.040s] Installing serial_bridge_node script to /home/krishna/slam_robot_ws/install/robot_bringup/lib/robot_bringup
[1.040s] Installing teleop_keyboard script to /home/krishna/slam_robot_ws/install/robot_bringup/lib/robot_bringup
[1.040s] 
[1.041s] Installed /home/krishna/slam_robot_ws/build/robot_bringup
[1.041s] running symlink_data
[1.041s] symbolically linking /home/krishna/slam_robot_ws/maps/my_map.yaml -> /home/krishna/slam_robot_ws/install/robot_bringup/share/robot_bringup/maps
[1.041s] symbolically linking /home/krishna/slam_robot_ws/maps/my_map.pgm -> /home/krishna/slam_robot_ws/install/robot_bringup/share/robot_bringup/maps
[1.069s] Invoked command in '/home/krishna/slam_robot_ws/build/robot_bringup' returned '0': PYTHONPATH=/home/krishna/slam_robot_ws/build/robot_bringup/prefix_override:/usr/lib/python3/dist-packages/colcon_core/task/python/colcon_distutils_commands:/home/krishna/slam_robot_ws/install/robot_bringup/lib/python3.10/site-packages:${PYTHONPATH} /usr/bin/python3 -W ignore:setup.py install is deprecated -W ignore:easy_install command is deprecated setup.py develop --editable --build-directory /home/krishna/slam_robot_ws/build/robot_bringup/build --no-deps symlink_data
