[0.080s] DEBUG:colcon:Command line arguments: ['/usr/bin/colcon', 'build', '--packages-select', 'robot_bringup', '--symlink-install']
[0.080s] DEBUG:colcon:Parsed command line arguments: Namespace(log_base=None, log_level=None, verb_name='build', build_base='build', install_base='install', merge_install=False, symlink_install=True, test_result_base=None, continue_on_error=False, executor='parallel', parallel_workers=16, event_handlers=None, ignore_user_meta=False, metas=['./colcon.meta'], base_paths=['.'], packages_ignore=None, packages_ignore_regex=None, paths=None, packages_up_to=None, packages_up_to_regex=None, packages_above=None, packages_above_and_dependencies=None, packages_above_depth=None, packages_select_by_dep=None, packages_skip_by_dep=None, packages_skip_up_to=None, packages_select_build_failed=False, packages_skip_build_finished=False, packages_select_test_failures=False, packages_skip_test_passed=False, packages_select=['robot_bringup'], packages_skip=None, packages_select_regex=None, packages_skip_regex=None, packages_start=None, packages_end=None, allow_overriding=[], cmake_args=None, cmake_target=None, cmake_target_skip_unavailable=False, cmake_clean_cache=False, cmake_clean_first=False, cmake_force_configure=False, ament_cmake_args=None, catkin_cmake_args=None, catkin_skip_building_tests=False, verb_parser=<colcon_defaults.argument_parser.defaults.DefaultArgumentsDecorator object at 0x78ebcf9f3670>, verb_extension=<colcon_core.verb.build.BuildVerb object at 0x78ebcf9f3160>, main=<bound method BuildVerb.main of <colcon_core.verb.build.BuildVerb object at 0x78ebcf9f3160>>)
[0.206s] Level 1:colcon.colcon_core.package_discovery:discover_packages(colcon_meta) check parameters
[0.206s] Level 1:colcon.colcon_core.package_discovery:discover_packages(recursive) check parameters
[0.206s] Level 1:colcon.colcon_core.package_discovery:discover_packages(ignore) check parameters
[0.207s] Level 1:colcon.colcon_core.package_discovery:discover_packages(path) check parameters
[0.207s] Level 1:colcon.colcon_core.package_discovery:discover_packages(colcon_meta) discover
[0.207s] Level 1:colcon.colcon_core.package_discovery:discover_packages(recursive) discover
[0.207s] INFO:colcon.colcon_core.package_discovery:Crawling recursively for packages in '/home/krishna/slam_robot_ws'
[0.207s] Level 1:colcon.colcon_core.package_identification:_identify(.) by extensions ['ignore', 'ignore_ament_install']
[0.207s] Level 1:colcon.colcon_core.package_identification:_identify(.) by extension 'ignore'
[0.207s] Level 1:colcon.colcon_core.package_identification:_identify(.) by extension 'ignore_ament_install'
[0.207s] Level 1:colcon.colcon_core.package_identification:_identify(.) by extensions ['colcon_pkg']
[0.207s] Level 1:colcon.colcon_core.package_identification:_identify(.) by extension 'colcon_pkg'
[0.207s] Level 1:colcon.colcon_core.package_identification:_identify(.) by extensions ['colcon_meta']
[0.207s] Level 1:colcon.colcon_core.package_identification:_identify(.) by extension 'colcon_meta'
[0.207s] Level 1:colcon.colcon_core.package_identification:_identify(.) by extensions ['ros']
[0.207s] Level 1:colcon.colcon_core.package_identification:_identify(.) by extension 'ros'
[0.216s] Level 1:colcon.colcon_core.package_identification:_identify(.) by extensions ['cmake', 'python']
[0.216s] Level 1:colcon.colcon_core.package_identification:_identify(.) by extension 'cmake'
[0.216s] Level 1:colcon.colcon_core.package_identification:_identify(.) by extension 'python'
[0.216s] Level 1:colcon.colcon_core.package_identification:_identify(.) by extensions ['python_setup_py']
[0.216s] Level 1:colcon.colcon_core.package_identification:_identify(.) by extension 'python_setup_py'
[0.216s] Level 1:colcon.colcon_core.package_identification:_identify(build) by extensions ['ignore', 'ignore_ament_install']
[0.216s] Level 1:colcon.colcon_core.package_identification:_identify(build) by extension 'ignore'
[0.216s] Level 1:colcon.colcon_core.package_identification:_identify(build) ignored
[0.217s] Level 1:colcon.colcon_core.package_identification:_identify(config) by extensions ['ignore', 'ignore_ament_install']
[0.217s] Level 1:colcon.colcon_core.package_identification:_identify(config) by extension 'ignore'
[0.217s] Level 1:colcon.colcon_core.package_identification:_identify(config) by extension 'ignore_ament_install'
[0.217s] Level 1:colcon.colcon_core.package_identification:_identify(config) by extensions ['colcon_pkg']
[0.217s] Level 1:colcon.colcon_core.package_identification:_identify(config) by extension 'colcon_pkg'
[0.217s] Level 1:colcon.colcon_core.package_identification:_identify(config) by extensions ['colcon_meta']
[0.217s] Level 1:colcon.colcon_core.package_identification:_identify(config) by extension 'colcon_meta'
[0.217s] Level 1:colcon.colcon_core.package_identification:_identify(config) by extensions ['ros']
[0.217s] Level 1:colcon.colcon_core.package_identification:_identify(config) by extension 'ros'
[0.217s] Level 1:colcon.colcon_core.package_identification:_identify(config) by extensions ['cmake', 'python']
[0.217s] Level 1:colcon.colcon_core.package_identification:_identify(config) by extension 'cmake'
[0.217s] Level 1:colcon.colcon_core.package_identification:_identify(config) by extension 'python'
[0.217s] Level 1:colcon.colcon_core.package_identification:_identify(config) by extensions ['python_setup_py']
[0.217s] Level 1:colcon.colcon_core.package_identification:_identify(config) by extension 'python_setup_py'
[0.217s] Level 1:colcon.colcon_core.package_identification:_identify(firmware) by extensions ['ignore', 'ignore_ament_install']
[0.217s] Level 1:colcon.colcon_core.package_identification:_identify(firmware) by extension 'ignore'
[0.217s] Level 1:colcon.colcon_core.package_identification:_identify(firmware) by extension 'ignore_ament_install'
[0.217s] Level 1:colcon.colcon_core.package_identification:_identify(firmware) by extensions ['colcon_pkg']
[0.217s] Level 1:colcon.colcon_core.package_identification:_identify(firmware) by extension 'colcon_pkg'
[0.217s] Level 1:colcon.colcon_core.package_identification:_identify(firmware) by extensions ['colcon_meta']
[0.217s] Level 1:colcon.colcon_core.package_identification:_identify(firmware) by extension 'colcon_meta'
[0.217s] Level 1:colcon.colcon_core.package_identification:_identify(firmware) by extensions ['ros']
[0.217s] Level 1:colcon.colcon_core.package_identification:_identify(firmware) by extension 'ros'
[0.217s] Level 1:colcon.colcon_core.package_identification:_identify(firmware) by extensions ['cmake', 'python']
[0.217s] Level 1:colcon.colcon_core.package_identification:_identify(firmware) by extension 'cmake'
[0.218s] Level 1:colcon.colcon_core.package_identification:_identify(firmware) by extension 'python'
[0.218s] Level 1:colcon.colcon_core.package_identification:_identify(firmware) by extensions ['python_setup_py']
[0.218s] Level 1:colcon.colcon_core.package_identification:_identify(firmware) by extension 'python_setup_py'
[0.218s] Level 1:colcon.colcon_core.package_identification:_identify(firmware/hub_motor_controller) by extensions ['ignore', 'ignore_ament_install']
[0.218s] Level 1:colcon.colcon_core.package_identification:_identify(firmware/hub_motor_controller) by extension 'ignore'
[0.218s] Level 1:colcon.colcon_core.package_identification:_identify(firmware/hub_motor_controller) by extension 'ignore_ament_install'
[0.218s] Level 1:colcon.colcon_core.package_identification:_identify(firmware/hub_motor_controller) by extensions ['colcon_pkg']
[0.218s] Level 1:colcon.colcon_core.package_identification:_identify(firmware/hub_motor_controller) by extension 'colcon_pkg'
[0.218s] Level 1:colcon.colcon_core.package_identification:_identify(firmware/hub_motor_controller) by extensions ['colcon_meta']
[0.218s] Level 1:colcon.colcon_core.package_identification:_identify(firmware/hub_motor_controller) by extension 'colcon_meta'
[0.218s] Level 1:colcon.colcon_core.package_identification:_identify(firmware/hub_motor_controller) by extensions ['ros']
[0.218s] Level 1:colcon.colcon_core.package_identification:_identify(firmware/hub_motor_controller) by extension 'ros'
[0.218s] Level 1:colcon.colcon_core.package_identification:_identify(firmware/hub_motor_controller) by extensions ['cmake', 'python']
[0.218s] Level 1:colcon.colcon_core.package_identification:_identify(firmware/hub_motor_controller) by extension 'cmake'
[0.218s] Level 1:colcon.colcon_core.package_identification:_identify(firmware/hub_motor_controller) by extension 'python'
[0.218s] Level 1:colcon.colcon_core.package_identification:_identify(firmware/hub_motor_controller) by extensions ['python_setup_py']
[0.218s] Level 1:colcon.colcon_core.package_identification:_identify(firmware/hub_motor_controller) by extension 'python_setup_py'
[0.218s] Level 1:colcon.colcon_core.package_identification:_identify(install) by extensions ['ignore', 'ignore_ament_install']
[0.218s] Level 1:colcon.colcon_core.package_identification:_identify(install) by extension 'ignore'
[0.218s] Level 1:colcon.colcon_core.package_identification:_identify(install) ignored
[0.218s] Level 1:colcon.colcon_core.package_identification:_identify(log) by extensions ['ignore', 'ignore_ament_install']
[0.218s] Level 1:colcon.colcon_core.package_identification:_identify(log) by extension 'ignore'
[0.218s] Level 1:colcon.colcon_core.package_identification:_identify(log) ignored
[0.218s] Level 1:colcon.colcon_core.package_identification:_identify(maps) by extensions ['ignore', 'ignore_ament_install']
[0.219s] Level 1:colcon.colcon_core.package_identification:_identify(maps) by extension 'ignore'
[0.219s] Level 1:colcon.colcon_core.package_identification:_identify(maps) by extension 'ignore_ament_install'
[0.219s] Level 1:colcon.colcon_core.package_identification:_identify(maps) by extensions ['colcon_pkg']
[0.219s] Level 1:colcon.colcon_core.package_identification:_identify(maps) by extension 'colcon_pkg'
[0.219s] Level 1:colcon.colcon_core.package_identification:_identify(maps) by extensions ['colcon_meta']
[0.219s] Level 1:colcon.colcon_core.package_identification:_identify(maps) by extension 'colcon_meta'
[0.219s] Level 1:colcon.colcon_core.package_identification:_identify(maps) by extensions ['ros']
[0.219s] Level 1:colcon.colcon_core.package_identification:_identify(maps) by extension 'ros'
[0.219s] Level 1:colcon.colcon_core.package_identification:_identify(maps) by extensions ['cmake', 'python']
[0.219s] Level 1:colcon.colcon_core.package_identification:_identify(maps) by extension 'cmake'
[0.219s] Level 1:colcon.colcon_core.package_identification:_identify(maps) by extension 'python'
[0.219s] Level 1:colcon.colcon_core.package_identification:_identify(maps) by extensions ['python_setup_py']
[0.219s] Level 1:colcon.colcon_core.package_identification:_identify(maps) by extension 'python_setup_py'
[0.219s] Level 1:colcon.colcon_core.package_identification:_identify(src) by extensions ['ignore', 'ignore_ament_install']
[0.219s] Level 1:colcon.colcon_core.package_identification:_identify(src) by extension 'ignore'
[0.219s] Level 1:colcon.colcon_core.package_identification:_identify(src) by extension 'ignore_ament_install'
[0.219s] Level 1:colcon.colcon_core.package_identification:_identify(src) by extensions ['colcon_pkg']
[0.219s] Level 1:colcon.colcon_core.package_identification:_identify(src) by extension 'colcon_pkg'
[0.219s] Level 1:colcon.colcon_core.package_identification:_identify(src) by extensions ['colcon_meta']
[0.219s] Level 1:colcon.colcon_core.package_identification:_identify(src) by extension 'colcon_meta'
[0.219s] Level 1:colcon.colcon_core.package_identification:_identify(src) by extensions ['ros']
[0.219s] Level 1:colcon.colcon_core.package_identification:_identify(src) by extension 'ros'
[0.219s] Level 1:colcon.colcon_core.package_identification:_identify(src) by extensions ['cmake', 'python']
[0.219s] Level 1:colcon.colcon_core.package_identification:_identify(src) by extension 'cmake'
[0.219s] Level 1:colcon.colcon_core.package_identification:_identify(src) by extension 'python'
[0.219s] Level 1:colcon.colcon_core.package_identification:_identify(src) by extensions ['python_setup_py']
[0.219s] Level 1:colcon.colcon_core.package_identification:_identify(src) by extension 'python_setup_py'
[0.219s] Level 1:colcon.colcon_core.package_identification:_identify(src/robot_bringup) by extensions ['ignore', 'ignore_ament_install']
[0.220s] Level 1:colcon.colcon_core.package_identification:_identify(src/robot_bringup) by extension 'ignore'
[0.220s] Level 1:colcon.colcon_core.package_identification:_identify(src/robot_bringup) by extension 'ignore_ament_install'
[0.220s] Level 1:colcon.colcon_core.package_identification:_identify(src/robot_bringup) by extensions ['colcon_pkg']
[0.220s] Level 1:colcon.colcon_core.package_identification:_identify(src/robot_bringup) by extension 'colcon_pkg'
[0.220s] Level 1:colcon.colcon_core.package_identification:_identify(src/robot_bringup) by extensions ['colcon_meta']
[0.220s] Level 1:colcon.colcon_core.package_identification:_identify(src/robot_bringup) by extension 'colcon_meta'
[0.220s] Level 1:colcon.colcon_core.package_identification:_identify(src/robot_bringup) by extensions ['ros']
[0.220s] Level 1:colcon.colcon_core.package_identification:_identify(src/robot_bringup) by extension 'ros'
[0.222s] DEBUG:colcon.colcon_core.package_identification:Package 'src/robot_bringup' with type 'ros.ament_python' and name 'robot_bringup'
[0.222s] Level 1:colcon.colcon_core.package_discovery:discover_packages(recursive) using defaults
[0.222s] Level 1:colcon.colcon_core.package_discovery:discover_packages(ignore) discover
[0.222s] Level 1:colcon.colcon_core.package_discovery:discover_packages(ignore) using defaults
[0.222s] Level 1:colcon.colcon_core.package_discovery:discover_packages(path) discover
[0.222s] Level 1:colcon.colcon_core.package_discovery:discover_packages(path) using defaults
[0.238s] Level 1:colcon.colcon_core.package_discovery:discover_packages(prefix_path) check parameters
[0.238s] Level 1:colcon.colcon_core.package_discovery:discover_packages(prefix_path) discover
[0.241s] DEBUG:colcon.colcon_installed_package_information.package_discovery:Found 344 installed packages in /opt/ros/humble
[0.252s] Level 1:colcon.colcon_core.package_discovery:discover_packages(prefix_path) using defaults
[0.285s] Level 5:colcon.colcon_core.verb:set package 'robot_bringup' build argument 'cmake_args' from command line to 'None'
[0.285s] Level 5:colcon.colcon_core.verb:set package 'robot_bringup' build argument 'cmake_target' from command line to 'None'
[0.285s] Level 5:colcon.colcon_core.verb:set package 'robot_bringup' build argument 'cmake_target_skip_unavailable' from command line to 'False'
[0.285s] Level 5:colcon.colcon_core.verb:set package 'robot_bringup' build argument 'cmake_clean_cache' from command line to 'False'
[0.285s] Level 5:colcon.colcon_core.verb:set package 'robot_bringup' build argument 'cmake_clean_first' from command line to 'False'
[0.285s] Level 5:colcon.colcon_core.verb:set package 'robot_bringup' build argument 'cmake_force_configure' from command line to 'False'
[0.285s] Level 5:colcon.colcon_core.verb:set package 'robot_bringup' build argument 'ament_cmake_args' from command line to 'None'
[0.285s] Level 5:colcon.colcon_core.verb:set package 'robot_bringup' build argument 'catkin_cmake_args' from command line to 'None'
[0.285s] Level 5:colcon.colcon_core.verb:set package 'robot_bringup' build argument 'catkin_skip_building_tests' from command line to 'False'
[0.285s] DEBUG:colcon.colcon_core.verb:Building package 'robot_bringup' with the following arguments: {'ament_cmake_args': None, 'build_base': '/home/krishna/slam_robot_ws/build/robot_bringup', 'catkin_cmake_args': None, 'catkin_skip_building_tests': False, 'cmake_args': None, 'cmake_clean_cache': False, 'cmake_clean_first': False, 'cmake_force_configure': False, 'cmake_target': None, 'cmake_target_skip_unavailable': False, 'install_base': '/home/krishna/slam_robot_ws/install/robot_bringup', 'merge_install': False, 'path': '/home/krishna/slam_robot_ws/src/robot_bringup', 'symlink_install': True, 'test_result_base': None}
[0.285s] INFO:colcon.colcon_core.executor:Executing jobs using 'parallel' executor
[0.286s] DEBUG:colcon.colcon_parallel_executor.executor.parallel:run_until_complete
[0.287s] INFO:colcon.colcon_ros.task.ament_python.build:Building ROS package in '/home/krishna/slam_robot_ws/src/robot_bringup' with build type 'ament_python'
[0.287s] Level 1:colcon.colcon_core.shell:create_environment_hook('robot_bringup', 'ament_prefix_path')
[0.288s] INFO:colcon.colcon_core.plugin_system:Skipping extension 'colcon_core.shell.bat': Not used on non-Windows systems
[0.288s] INFO:colcon.colcon_core.shell:Creating environment hook '/home/krishna/slam_robot_ws/install/robot_bringup/share/robot_bringup/hook/ament_prefix_path.ps1'
[0.289s] INFO:colcon.colcon_core.shell:Creating environment descriptor '/home/krishna/slam_robot_ws/install/robot_bringup/share/robot_bringup/hook/ament_prefix_path.dsv'
[0.289s] INFO:colcon.colcon_core.shell:Creating environment hook '/home/krishna/slam_robot_ws/install/robot_bringup/share/robot_bringup/hook/ament_prefix_path.sh'
[0.290s] INFO:colcon.colcon_core.shell:Skip shell extension 'powershell' for command environment: Not usable outside of PowerShell
[0.290s] DEBUG:colcon.colcon_core.shell:Skip shell extension 'dsv' for command environment
[0.486s] INFO:colcon.colcon_core.task.python.build:Building Python package in '/home/krishna/slam_robot_ws/src/robot_bringup'
[0.486s] INFO:colcon.colcon_core.shell:Skip shell extension 'powershell' for command environment: Not usable outside of PowerShell
[0.486s] DEBUG:colcon.colcon_core.shell:Skip shell extension 'dsv' for command environment
[0.791s] DEBUG:colcon.colcon_core.task.python.build:Available setuptools commands: saveopts, bdist_dumb, build_scripts, upload_docs, update_catalog, setopt, install, install_scripts, compile_catalog, symlink_data, develop, bdist, rotate, test, bdist_rpm, init_catalog, build_clib, build_ext, clean, sdist, easy_install, install_lib, install_egg_info, extract_messages, check, upload, bdist_egg, build, dist_info, build_py, install_data, register, install_headers, alias, egg_info
[1.010s] DEBUG:colcon.colcon_core.task.python.build:Available setuptools 'develop' options: --quiet, --install-dir, --allow-hosts, --no-user-cfg, --install-layout, --help, --exclude-scripts, --site-dirs, --version, --index-url, --uninstall, --always-copy, --verbose, --no-deps, --force-installation-into-system-dir, --zip-ok, --no-find-links, --user, --record, --script-dir, --optimize, --dry-run, --always-unzip, --prefix, --editable, --upgrade, --multi-version, --find-links, --build-directory, --egg-path, --local-snapshots-ok
[1.012s] DEBUG:colcon.colcon_core.event_handler.log_command:Invoking command in '/home/krishna/slam_robot_ws/build/robot_bringup': PYTHONPATH=/home/krishna/slam_robot_ws/build/robot_bringup/prefix_override:/usr/lib/python3/dist-packages/colcon_core/task/python/colcon_distutils_commands:/home/krishna/slam_robot_ws/install/robot_bringup/lib/python3.10/site-packages:${PYTHONPATH} /usr/bin/python3 -W ignore:setup.py install is deprecated -W ignore:easy_install command is deprecated setup.py develop --editable --build-directory /home/krishna/slam_robot_ws/build/robot_bringup/build --no-deps symlink_data
[1.355s] Level 1:colcon.colcon_core.shell:create_environment_hook('robot_bringup', 'pythonpath_develop')
[1.356s] INFO:colcon.colcon_core.shell:Creating environment hook '/home/krishna/slam_robot_ws/build/robot_bringup/share/robot_bringup/hook/pythonpath_develop.ps1'
[1.357s] DEBUG:colcon.colcon_core.event_handler.log_command:Invoked command in '/home/krishna/slam_robot_ws/build/robot_bringup' returned '0': PYTHONPATH=/home/krishna/slam_robot_ws/build/robot_bringup/prefix_override:/usr/lib/python3/dist-packages/colcon_core/task/python/colcon_distutils_commands:/home/krishna/slam_robot_ws/install/robot_bringup/lib/python3.10/site-packages:${PYTHONPATH} /usr/bin/python3 -W ignore:setup.py install is deprecated -W ignore:easy_install command is deprecated setup.py develop --editable --build-directory /home/krishna/slam_robot_ws/build/robot_bringup/build --no-deps symlink_data
[1.357s] INFO:colcon.colcon_core.shell:Creating environment descriptor '/home/krishna/slam_robot_ws/build/robot_bringup/share/robot_bringup/hook/pythonpath_develop.dsv'
[1.357s] INFO:colcon.colcon_core.shell:Creating environment hook '/home/krishna/slam_robot_ws/build/robot_bringup/share/robot_bringup/hook/pythonpath_develop.sh'
[1.359s] Level 1:colcon.colcon_core.environment:checking '/home/krishna/slam_robot_ws/install/robot_bringup' for CMake module files
[1.359s] Level 1:colcon.colcon_core.environment:checking '/home/krishna/slam_robot_ws/install/robot_bringup' for CMake config files
[1.360s] Level 1:colcon.colcon_core.environment:checking '/home/krishna/slam_robot_ws/install/robot_bringup/lib'
[1.360s] Level 1:colcon.colcon_core.environment:checking '/home/krishna/slam_robot_ws/install/robot_bringup/bin'
[1.360s] Level 1:colcon.colcon_core.environment:checking '/home/krishna/slam_robot_ws/install/robot_bringup/lib/pkgconfig/robot_bringup.pc'
[1.361s] Level 1:colcon.colcon_core.environment:checking '/home/krishna/slam_robot_ws/install/robot_bringup/lib/python3.10/site-packages'
[1.361s] Level 1:colcon.colcon_core.shell:create_environment_hook('robot_bringup', 'pythonpath')
[1.361s] INFO:colcon.colcon_core.shell:Creating environment hook '/home/krishna/slam_robot_ws/install/robot_bringup/share/robot_bringup/hook/pythonpath.ps1'
[1.361s] INFO:colcon.colcon_core.shell:Creating environment descriptor '/home/krishna/slam_robot_ws/install/robot_bringup/share/robot_bringup/hook/pythonpath.dsv'
[1.362s] INFO:colcon.colcon_core.shell:Creating environment hook '/home/krishna/slam_robot_ws/install/robot_bringup/share/robot_bringup/hook/pythonpath.sh'
[1.362s] Level 1:colcon.colcon_core.environment:checking '/home/krishna/slam_robot_ws/install/robot_bringup/bin'
[1.362s] Level 1:colcon.colcon_core.environment:create_environment_scripts_only(robot_bringup)
[1.362s] INFO:colcon.colcon_core.shell:Creating package script '/home/krishna/slam_robot_ws/install/robot_bringup/share/robot_bringup/package.ps1'
[1.363s] INFO:colcon.colcon_core.shell:Creating package descriptor '/home/krishna/slam_robot_ws/install/robot_bringup/share/robot_bringup/package.dsv'
[1.364s] INFO:colcon.colcon_core.shell:Creating package script '/home/krishna/slam_robot_ws/install/robot_bringup/share/robot_bringup/package.sh'
[1.364s] INFO:colcon.colcon_core.shell:Creating package script '/home/krishna/slam_robot_ws/install/robot_bringup/share/robot_bringup/package.bash'
[1.365s] INFO:colcon.colcon_core.shell:Creating package script '/home/krishna/slam_robot_ws/install/robot_bringup/share/robot_bringup/package.zsh'
[1.365s] Level 1:colcon.colcon_core.environment:create_file_with_runtime_dependencies(/home/krishna/slam_robot_ws/install/robot_bringup/share/colcon-core/packages/robot_bringup)
[1.365s] DEBUG:colcon.colcon_parallel_executor.executor.parallel:closing loop
[1.365s] DEBUG:colcon.colcon_parallel_executor.executor.parallel:loop closed
[1.365s] DEBUG:colcon.colcon_parallel_executor.executor.parallel:run_until_complete finished with '0'
[1.365s] DEBUG:colcon.colcon_core.event_reactor:joining thread
[1.370s] INFO:colcon.colcon_core.plugin_system:Skipping extension 'colcon_notification.desktop_notification.terminal_notifier': Not used on non-Darwin systems
[1.370s] INFO:colcon.colcon_core.plugin_system:Skipping extension 'colcon_notification.desktop_notification.win32': Not used on non-Windows systems
[1.370s] INFO:colcon.colcon_notification.desktop_notification:Sending desktop notification using 'notify2'
[1.379s] DEBUG:colcon.colcon_core.event_reactor:joined thread
[1.380s] INFO:colcon.colcon_core.shell:Creating prefix script '/home/krishna/slam_robot_ws/install/local_setup.ps1'
[1.381s] INFO:colcon.colcon_core.shell:Creating prefix util module '/home/krishna/slam_robot_ws/install/_local_setup_util_ps1.py'
[1.382s] INFO:colcon.colcon_core.shell:Creating prefix chain script '/home/krishna/slam_robot_ws/install/setup.ps1'
[1.383s] INFO:colcon.colcon_core.shell:Creating prefix script '/home/krishna/slam_robot_ws/install/local_setup.sh'
[1.383s] INFO:colcon.colcon_core.shell:Creating prefix util module '/home/krishna/slam_robot_ws/install/_local_setup_util_sh.py'
[1.384s] INFO:colcon.colcon_core.shell:Creating prefix chain script '/home/krishna/slam_robot_ws/install/setup.sh'
[1.384s] INFO:colcon.colcon_core.shell:Creating prefix script '/home/krishna/slam_robot_ws/install/local_setup.bash'
[1.385s] INFO:colcon.colcon_core.shell:Creating prefix chain script '/home/krishna/slam_robot_ws/install/setup.bash'
[1.385s] INFO:colcon.colcon_core.shell:Creating prefix script '/home/krishna/slam_robot_ws/install/local_setup.zsh'
[1.386s] INFO:colcon.colcon_core.shell:Creating prefix chain script '/home/krishna/slam_robot_ws/install/setup.zsh'
