[0.000000] (-) TimerEvent: {}
[0.000962] (robot_bringup) JobQueued: {'identifier': 'robot_bringup', 'dependencies': OrderedDict()}
[0.001620] (robot_bringup) JobStarted: {'identifier': 'robot_bringup'}
[0.099077] (-) TimerEvent: {}
[0.199991] (-) TimerEvent: {}
[0.300863] (-) TimerEvent: {}
[0.401723] (-) TimerEvent: {}
[0.502568] (-) TimerEvent: {}
[0.603472] (-) TimerEvent: {}
[0.704428] (-) TimerEvent: {}
[0.805351] (-) TimerEvent: {}
[0.906254] (-) TimerEvent: {}
[1.007059] (-) TimerEvent: {}
[1.107951] (-) TimerEvent: {}
[1.208818] (-) TimerEvent: {}
[1.309696] (-) TimerEvent: {}
[1.410591] (-) TimerEvent: {}
[1.511563] (-) TimerEvent: {}
[1.612482] (-) TimerEvent: {}
[1.713355] (-) TimerEvent: {}
[1.814207] (-) TimerEvent: {}
[1.915109] (-) TimerEvent: {}
[2.016195] (-) TimerEvent: {}
[2.028313] (robot_bringup) Command: {'cmd': ['/usr/bin/python3', '-W', 'ignore:setup.py install is deprecated', '-W', 'ignore:easy_install command is deprecated', 'setup.py', 'egg_info', '--egg-base', '../../build/robot_bringup', 'build', '--build-base', '/home/argo/krishna/robot/build/robot_bringup/build', 'install', '--record', '/home/argo/krishna/robot/build/robot_bringup/install.log', '--single-version-externally-managed', 'install_data'], 'cwd': '/home/argo/krishna/robot/src/robot_bringup', 'env': {'VNCDESKTOP': 'argo-desktop:1 (argo)', 'LANGUAGE': 'en_IN:en', 'USER': 'argo', 'SSH_CLIENT': '192.168.1.9 55948 22', 'SSH_AGENT_PID': '2288', 'XDG_SESSION_TYPE': 'x11', 'SHLVL': '2', 'LIBGL_ALWAYS_SOFTWARE': '1', 'LD_LIBRARY_PATH': '/opt/ros/humble/opt/rviz_ogre_vendor/lib:/opt/ros/humble/lib/aarch64-linux-gnu:/opt/ros/humble/opt/openvdb_vendor/lib:/opt/ros/humble/lib:/home/argo/EaiCameraSdk_v1.2.28.20241015/demo/linux_ros/ros2/ascamera/libs/lib/aarch64-linux-gnu:/home/argo/EaiCameraSdk_v1.2.28.20241015/demo/linux_ros/ros2/ascamera/libs/lib/aarch64-linux-gnu', 'MOTD_SHOWN': 'pam', 'HOME': '/home/argo', 'OLDPWD': '/home/argo/krishna/robot/src', 'DESKTOP_SESSION': 'xfce', 'SSH_TTY': '/dev/pts/1', 'ROS_PYTHON_VERSION': '3', 'DBUS_SESSION_BUS_ADDRESS': 'unix:abstract=/tmp/dbus-dRH1T11XGo,guid=52297a559fdeaa68a68e69946a8e6eec', 'COLORTERM': 'truecolor', 'COLCON_PREFIX_PATH': '/home/argo/krishna/robot/install', 'ROS_DISTRO': 'humble', 'LOGNAME': 'argo', 'WINDOWID': '27269425', '_': '/usr/bin/colcon', 'ROS_VERSION': '2', 'XDG_SESSION_CLASS': 'user', 'TERM': 'xterm-256color', 'XDG_SESSION_ID': '4', 'ROS_LOCALHOST_ONLY': '0', 'PATH': '/home/argo/piper:/home/argo/.local/bin:/home/argo/piper:/opt/ros/humble/bin:/usr/local/sbin:/usr/local/bin:/usr/sbin:/usr/bin:/sbin:/bin:/usr/games:/usr/local/games:/snap/bin', 'SESSION_MANAGER': 'local/argo-desktop:@/tmp/.ICE-unix/2237,unix/argo-desktop:/tmp/.ICE-unix/2237', 'XDG_MENU_PREFIX': 'xfce-', 'XDG_RUNTIME_DIR': '/run/user/1000', 'DISPLAY': ':1.0', 'LANG': 'en_IN', 'XDG_CURRENT_DESKTOP': 'XFCE', 'SSH_AUTH_SOCK': '/tmp/ssh-XXXXXX1Lc906/agent.2287', 'ROS_DOMAIN_ID': '0', 'AMENT_PREFIX_PATH': '/home/argo/krishna/robot/install/robot_bringup:/opt/ros/humble', 'SHELL': '/bin/bash', 'PWD': '/home/argo/krishna/robot/build/robot_bringup', 'QT_QPA_PLATFORM': 'xcb', 'LC_ALL': 'en_US.UTF-8', 'XDG_CONFIG_DIRS': '/etc/xdg', 'SSH_CONNECTION': '192.168.1.9 55948 192.168.1.16 22', 'XDG_DATA_DIRS': '/usr/local/share:/usr/share', 'PYTHONPATH': '/home/argo/krishna/robot/build/robot_bringup/prefix_override:/usr/lib/python3/dist-packages/colcon_core/task/python/colcon_distutils_commands:/home/argo/krishna/robot/install/robot_bringup/lib/python3.10/site-packages:/home/krishna/slam_robot_ws/build/robot_bringup:/home/argo/krishna/robot/install/robot_bringup/lib/python3.10/site-packages:/opt/ros/humble/lib/python3.10/site-packages:/opt/ros/humble/local/lib/python3.10/dist-packages', 'COLCON': '1', 'VTE_VERSION': '6800'}, 'shell': False}
[2.116961] (-) TimerEvent: {}
[2.217863] (-) TimerEvent: {}
[2.318762] (-) TimerEvent: {}
[2.419684] (-) TimerEvent: {}
[2.520588] (-) TimerEvent: {}
[2.621521] (-) TimerEvent: {}
[2.722441] (-) TimerEvent: {}
[2.766531] (robot_bringup) StdoutLine: {'line': b'running egg_info\n'}
[2.770594] (robot_bringup) StdoutLine: {'line': b'creating ../../build/robot_bringup/robot_bringup.egg-info\n'}
[2.771545] (robot_bringup) StdoutLine: {'line': b'writing ../../build/robot_bringup/robot_bringup.egg-info/PKG-INFO\n'}
[2.772317] (robot_bringup) StdoutLine: {'line': b'writing dependency_links to ../../build/robot_bringup/robot_bringup.egg-info/dependency_links.txt\n'}
[2.772726] (robot_bringup) StdoutLine: {'line': b'writing entry points to ../../build/robot_bringup/robot_bringup.egg-info/entry_points.txt\n'}
[2.772987] (robot_bringup) StdoutLine: {'line': b'writing requirements to ../../build/robot_bringup/robot_bringup.egg-info/requires.txt\n'}
[2.773242] (robot_bringup) StdoutLine: {'line': b'writing top-level names to ../../build/robot_bringup/robot_bringup.egg-info/top_level.txt\n'}
[2.777502] (robot_bringup) StdoutLine: {'line': b"writing manifest file '../../build/robot_bringup/robot_bringup.egg-info/SOURCES.txt'\n"}
[2.781815] (robot_bringup) StdoutLine: {'line': b"reading manifest file '../../build/robot_bringup/robot_bringup.egg-info/SOURCES.txt'\n"}
[2.783854] (robot_bringup) StdoutLine: {'line': b"writing manifest file '../../build/robot_bringup/robot_bringup.egg-info/SOURCES.txt'\n"}
[2.784297] (robot_bringup) StdoutLine: {'line': b'running build\n'}
[2.784491] (robot_bringup) StdoutLine: {'line': b'running build_py\n'}
[2.784741] (robot_bringup) StdoutLine: {'line': b'creating /home/argo/krishna/robot/build/robot_bringup/build\n'}
[2.784938] (robot_bringup) StdoutLine: {'line': b'creating /home/argo/krishna/robot/build/robot_bringup/build/lib\n'}
[2.785130] (robot_bringup) StdoutLine: {'line': b'creating /home/argo/krishna/robot/build/robot_bringup/build/lib/robot_bringup\n'}
[2.785339] (robot_bringup) StdoutLine: {'line': b'copying robot_bringup/serial_bridge.py -> /home/argo/krishna/robot/build/robot_bringup/build/lib/robot_bringup\n'}
[2.785731] (robot_bringup) StdoutLine: {'line': b'copying robot_bringup/__init__.py -> /home/argo/krishna/robot/build/robot_bringup/build/lib/robot_bringup\n'}
[2.785992] (robot_bringup) StdoutLine: {'line': b'copying robot_bringup/teleop_keyboard.py -> /home/argo/krishna/robot/build/robot_bringup/build/lib/robot_bringup\n'}
[2.786484] (robot_bringup) StdoutLine: {'line': b'running install\n'}
[2.787391] (robot_bringup) StdoutLine: {'line': b'running install_lib\n'}
[2.789630] (robot_bringup) StdoutLine: {'line': b'creating /home/argo/krishna/robot/install/robot_bringup/lib/python3.10/site-packages/robot_bringup\n'}
[2.790119] (robot_bringup) StdoutLine: {'line': b'copying /home/argo/krishna/robot/build/robot_bringup/build/lib/robot_bringup/serial_bridge.py -> /home/argo/krishna/robot/install/robot_bringup/lib/python3.10/site-packages/robot_bringup\n'}
[2.790421] (robot_bringup) StdoutLine: {'line': b'copying /home/argo/krishna/robot/build/robot_bringup/build/lib/robot_bringup/__init__.py -> /home/argo/krishna/robot/install/robot_bringup/lib/python3.10/site-packages/robot_bringup\n'}
[2.790947] (robot_bringup) StdoutLine: {'line': b'copying /home/argo/krishna/robot/build/robot_bringup/build/lib/robot_bringup/teleop_keyboard.py -> /home/argo/krishna/robot/install/robot_bringup/lib/python3.10/site-packages/robot_bringup\n'}
[2.792656] (robot_bringup) StdoutLine: {'line': b'byte-compiling /home/argo/krishna/robot/install/robot_bringup/lib/python3.10/site-packages/robot_bringup/serial_bridge.py to serial_bridge.cpython-310.pyc\n'}
[2.798614] (robot_bringup) StdoutLine: {'line': b'byte-compiling /home/argo/krishna/robot/install/robot_bringup/lib/python3.10/site-packages/robot_bringup/__init__.py to __init__.cpython-310.pyc\n'}
[2.799084] (robot_bringup) StdoutLine: {'line': b'byte-compiling /home/argo/krishna/robot/install/robot_bringup/lib/python3.10/site-packages/robot_bringup/teleop_keyboard.py to teleop_keyboard.cpython-310.pyc\n'}
[2.801358] (robot_bringup) StdoutLine: {'line': b'running install_data\n'}
[2.801659] (robot_bringup) StdoutLine: {'line': b'creating /home/argo/krishna/robot/install/robot_bringup/share/ament_index\n'}
[2.801882] (robot_bringup) StdoutLine: {'line': b'creating /home/argo/krishna/robot/install/robot_bringup/share/ament_index/resource_index\n'}
[2.802113] (robot_bringup) StdoutLine: {'line': b'creating /home/argo/krishna/robot/install/robot_bringup/share/ament_index/resource_index/packages\n'}
[2.802307] (robot_bringup) StdoutLine: {'line': b'copying resource/robot_bringup -> /home/argo/krishna/robot/install/robot_bringup/share/ament_index/resource_index/packages\n'}
[2.802556] (robot_bringup) StdoutLine: {'line': b'copying package.xml -> /home/argo/krishna/robot/install/robot_bringup/share/robot_bringup\n'}
[2.802821] (robot_bringup) StdoutLine: {'line': b'creating /home/argo/krishna/robot/install/robot_bringup/share/robot_bringup/launch\n'}
[2.803039] (robot_bringup) StdoutLine: {'line': b'copying launch/slam_launch.py -> /home/argo/krishna/robot/install/robot_bringup/share/robot_bringup/launch\n'}
[2.804278] (robot_bringup) StdoutLine: {'line': b'copying launch/bringup_launch.py -> /home/argo/krishna/robot/install/robot_bringup/share/robot_bringup/launch\n'}
[2.804963] (robot_bringup) StdoutLine: {'line': b'creating /home/argo/krishna/robot/install/robot_bringup/share/robot_bringup/config\n'}
[2.805134] (robot_bringup) StdoutLine: {'line': b'copying ../../config/mapper_params_online_async.yaml -> /home/argo/krishna/robot/install/robot_bringup/share/robot_bringup/config\n'}
[2.805813] (robot_bringup) StdoutLine: {'line': b'copying ../../config/slam_view.rviz -> /home/argo/krishna/robot/install/robot_bringup/share/robot_bringup/config\n'}
[2.806491] (robot_bringup) StdoutLine: {'line': b'creating /home/argo/krishna/robot/install/robot_bringup/share/robot_bringup/urdf\n'}
[2.806812] (robot_bringup) StdoutLine: {'line': b'copying urdf/robot.urdf.xacro -> /home/argo/krishna/robot/install/robot_bringup/share/robot_bringup/urdf\n'}
[2.807626] (robot_bringup) StdoutLine: {'line': b'running install_egg_info\n'}
[2.813230] (robot_bringup) StdoutLine: {'line': b'Copying ../../build/robot_bringup/robot_bringup.egg-info to /home/argo/krishna/robot/install/robot_bringup/lib/python3.10/site-packages/robot_bringup-0.0.1-py3.10.egg-info\n'}
[2.815591] (robot_bringup) StdoutLine: {'line': b'running install_scripts\n'}
[2.822499] (-) TimerEvent: {}
[2.875605] (robot_bringup) StdoutLine: {'line': b'Installing serial_bridge_node script to /home/argo/krishna/robot/install/robot_bringup/lib/robot_bringup\n'}
[2.876316] (robot_bringup) StdoutLine: {'line': b'Installing teleop_keyboard script to /home/argo/krishna/robot/install/robot_bringup/lib/robot_bringup\n'}
[2.876816] (robot_bringup) StdoutLine: {'line': b"writing list of installed files to '/home/argo/krishna/robot/build/robot_bringup/install.log'\n"}
[2.922808] (-) TimerEvent: {}
[3.006541] (robot_bringup) CommandEnded: {'returncode': 0}
[3.022980] (-) TimerEvent: {}
[3.048672] (robot_bringup) JobEnded: {'identifier': 'robot_bringup', 'rc': 0}
[3.051159] (-) EventReactorShutdown: {}
