[0.764s] Invoking command in '/home/krishna/slam_robot_ws/build/robot_bringup': PYTHONPATH=/home/krishna/slam_robot_ws/build/robot_bringup/prefix_override:/usr/lib/python3/dist-packages/colcon_core/task/python/colcon_distutils_commands:/home/krishna/slam_robot_ws/install/robot_bringup/lib/python3.10/site-packages:${PYTHONPATH} /usr/bin/python3 -W ignore:setup.py install is deprecated -W ignore:easy_install command is deprecated setup.py develop --editable --build-directory /home/krishna/slam_robot_ws/build/robot_bringup/build --no-deps symlink_data --force
[0.962s] running develop
[1.104s] running egg_info
[1.104s] writing robot_bringup.egg-info/PKG-INFO
[1.105s] writing dependency_links to robot_bringup.egg-info/dependency_links.txt
[1.105s] writing entry points to robot_bringup.egg-info/entry_points.txt
[1.105s] writing requirements to robot_bringup.egg-info/requires.txt
[1.105s] writing top-level names to robot_bringup.egg-info/top_level.txt
[1.107s] reading manifest file 'robot_bringup.egg-info/SOURCES.txt'
[1.108s] writing manifest file 'robot_bringup.egg-info/SOURCES.txt'
[1.109s] running build_ext
[1.109s] Creating /home/krishna/slam_robot_ws/install/robot_bringup/lib/python3.10/site-packages/robot-bringup.egg-link (link to .)
[1.110s] Installing serial_bridge_node script to /home/krishna/slam_robot_ws/install/robot_bringup/lib/robot_bringup
[1.110s] Installing teleop_keyboard script to /home/krishna/slam_robot_ws/install/robot_bringup/lib/robot_bringup
[1.110s] 
[1.110s] Installed /home/krishna/slam_robot_ws/build/robot_bringup
[1.110s] running symlink_data
[1.111s] symbolically linking /home/krishna/slam_robot_ws/build/robot_bringup/resource/robot_bringup -> /home/krishna/slam_robot_ws/install/robot_bringup/share/ament_index/resource_index/packages
[1.111s] symbolically linking /home/krishna/slam_robot_ws/build/robot_bringup/package.xml -> /home/krishna/slam_robot_ws/install/robot_bringup/share/robot_bringup
[1.111s] symbolically linking /home/krishna/slam_robot_ws/build/robot_bringup/launch/bringup_launch.py -> /home/krishna/slam_robot_ws/install/robot_bringup/share/robot_bringup/launch
[1.111s] error: [Errno 2] No such file or directory: '/home/krishna/slam_robot_ws/install/robot_bringup/share/robot_bringup/launch/nav2_launch.py'
[1.151s] Invoked command in '/home/krishna/slam_robot_ws/build/robot_bringup' returned '1': PYTHONPATH=/home/krishna/slam_robot_ws/build/robot_bringup/prefix_override:/usr/lib/python3/dist-packages/colcon_core/task/python/colcon_distutils_commands:/home/krishna/slam_robot_ws/install/robot_bringup/lib/python3.10/site-packages:${PYTHONPATH} /usr/bin/python3 -W ignore:setup.py install is deprecated -W ignore:easy_install command is deprecated setup.py develop --editable --build-directory /home/krishna/slam_robot_ws/build/robot_bringup/build --no-deps symlink_data --force
