[2.102s] Invoking command in '/home/argo/krishna/robot/src/robot_bringup': PYTHONPATH=/home/argo/krishna/robot/build/robot_bringup/prefix_override:/usr/lib/python3/dist-packages/colcon_core/task/python/colcon_distutils_commands:/home/argo/krishna/robot/install/robot_bringup/lib/python3.10/site-packages:${PYTHONPATH} /usr/bin/python3 -W ignore:setup.py install is deprecated -W ignore:easy_install command is deprecated setup.py egg_info --egg-base ../../build/robot_bringup build --build-base /home/argo/krishna/robot/build/robot_bringup/build install --record /home/argo/krishna/robot/build/robot_bringup/install.log --single-version-externally-managed install_data
[2.853s] running egg_info
[2.856s] writing ../../build/robot_bringup/robot_bringup.egg-info/PKG-INFO
[2.857s] writing dependency_links to ../../build/robot_bringup/robot_bringup.egg-info/dependency_links.txt
[2.858s] writing entry points to ../../build/robot_bringup/robot_bringup.egg-info/entry_points.txt
[2.858s] writing requirements to ../../build/robot_bringup/robot_bringup.egg-info/requires.txt
[2.858s] writing top-level names to ../../build/robot_bringup/robot_bringup.egg-info/top_level.txt
[2.870s] reading manifest file '../../build/robot_bringup/robot_bringup.egg-info/SOURCES.txt'
[2.872s] writing manifest file '../../build/robot_bringup/robot_bringup.egg-info/SOURCES.txt'
[2.873s] running build
[2.873s] running build_py
[2.874s] running install
[2.875s] running install_lib
[2.879s] running install_data
[2.880s] copying ../../config/mapper_params_online_async.yaml -> /home/argo/krishna/robot/install/robot_bringup/share/robot_bringup/config
[2.880s] running install_egg_info
[2.886s] removing '/home/argo/krishna/robot/install/robot_bringup/lib/python3.10/site-packages/robot_bringup-0.0.1-py3.10.egg-info' (and everything under it)
[2.887s] Copying ../../build/robot_bringup/robot_bringup.egg-info to /home/argo/krishna/robot/install/robot_bringup/lib/python3.10/site-packages/robot_bringup-0.0.1-py3.10.egg-info
[2.890s] running install_scripts
[2.951s] Installing serial_bridge_node script to /home/argo/krishna/robot/install/robot_bringup/lib/robot_bringup
[2.951s] Installing teleop_keyboard script to /home/argo/krishna/robot/install/robot_bringup/lib/robot_bringup
[2.952s] writing list of installed files to '/home/argo/krishna/robot/build/robot_bringup/install.log'
[3.087s] Invoked command in '/home/argo/krishna/robot/src/robot_bringup' returned '0': PYTHONPATH=/home/argo/krishna/robot/build/robot_bringup/prefix_override:/usr/lib/python3/dist-packages/colcon_core/task/python/colcon_distutils_commands:/home/argo/krishna/robot/install/robot_bringup/lib/python3.10/site-packages:${PYTHONPATH} /usr/bin/python3 -W ignore:setup.py install is deprecated -W ignore:easy_install command is deprecated setup.py egg_info --egg-base ../../build/robot_bringup build --build-base /home/argo/krishna/robot/build/robot_bringup/build install --record /home/argo/krishna/robot/build/robot_bringup/install.log --single-version-externally-managed install_data
