[2.031s] Invoking command in '/home/argo/krishna/robot/src/robot_bringup': PYTHONPATH=/home/argo/krishna/robot/build/robot_bringup/prefix_override:/usr/lib/python3/dist-packages/colcon_core/task/python/colcon_distutils_commands:/home/argo/krishna/robot/install/robot_bringup/lib/python3.10/site-packages:${PYTHONPATH} /usr/bin/python3 -W ignore:setup.py install is deprecated -W ignore:easy_install command is deprecated setup.py egg_info --egg-base ../../build/robot_bringup build --build-base /home/argo/krishna/robot/build/robot_bringup/build install --record /home/argo/krishna/robot/build/robot_bringup/install.log --single-version-externally-managed install_data
[2.765s] running egg_info
[2.769s] creating ../../build/robot_bringup/robot_bringup.egg-info
[2.770s] writing ../../build/robot_bringup/robot_bringup.egg-info/PKG-INFO
[2.771s] writing dependency_links to ../../build/robot_bringup/robot_bringup.egg-info/dependency_links.txt
[2.771s] writing entry points to ../../build/robot_bringup/robot_bringup.egg-info/entry_points.txt
[2.771s] writing requirements to ../../build/robot_bringup/robot_bringup.egg-info/requires.txt
[2.771s] writing top-level names to ../../build/robot_bringup/robot_bringup.egg-info/top_level.txt
[2.776s] writing manifest file '../../build/robot_bringup/robot_bringup.egg-info/SOURCES.txt'
[2.780s] reading manifest file '../../build/robot_bringup/robot_bringup.egg-info/SOURCES.txt'
[2.782s] writing manifest file '../../build/robot_bringup/robot_bringup.egg-info/SOURCES.txt'
[2.783s] running build
[2.783s] running build_py
[2.783s] creating /home/argo/krishna/robot/build/robot_bringup/build
[2.783s] creating /home/argo/krishna/robot/build/robot_bringup/build/lib
[2.783s] creating /home/argo/krishna/robot/build/robot_bringup/build/lib/robot_bringup
[2.784s] copying robot_bringup/serial_bridge.py -> /home/argo/krishna/robot/build/robot_bringup/build/lib/robot_bringup
[2.784s] copying robot_bringup/__init__.py -> /home/argo/krishna/robot/build/robot_bringup/build/lib/robot_bringup
[2.784s] copying robot_bringup/teleop_keyboard.py -> /home/argo/krishna/robot/build/robot_bringup/build/lib/robot_bringup
[2.785s] running install
[2.786s] running install_lib
[2.788s] creating /home/argo/krishna/robot/install/robot_bringup/lib/python3.10/site-packages/robot_bringup
[2.788s] copying /home/argo/krishna/robot/build/robot_bringup/build/lib/robot_bringup/serial_bridge.py -> /home/argo/krishna/robot/install/robot_bringup/lib/python3.10/site-packages/robot_bringup
[2.789s] copying /home/argo/krishna/robot/build/robot_bringup/build/lib/robot_bringup/__init__.py -> /home/argo/krishna/robot/install/robot_bringup/lib/python3.10/site-packages/robot_bringup
[2.789s] copying /home/argo/krishna/robot/build/robot_bringup/build/lib/robot_bringup/teleop_keyboard.py -> /home/argo/krishna/robot/install/robot_bringup/lib/python3.10/site-packages/robot_bringup
[2.791s] byte-compiling /home/argo/krishna/robot/install/robot_bringup/lib/python3.10/site-packages/robot_bringup/serial_bridge.py to serial_bridge.cpython-310.pyc
[2.797s] byte-compiling /home/argo/krishna/robot/install/robot_bringup/lib/python3.10/site-packages/robot_bringup/__init__.py to __init__.cpython-310.pyc
[2.797s] byte-compiling /home/argo/krishna/robot/install/robot_bringup/lib/python3.10/site-packages/robot_bringup/teleop_keyboard.py to teleop_keyboard.cpython-310.pyc
[2.800s] running install_data
[2.800s] creating /home/argo/krishna/robot/install/robot_bringup/share/ament_index
[2.800s] creating /home/argo/krishna/robot/install/robot_bringup/share/ament_index/resource_index
[2.800s] creating /home/argo/krishna/robot/install/robot_bringup/share/ament_index/resource_index/packages
[2.801s] copying resource/robot_bringup -> /home/argo/krishna/robot/install/robot_bringup/share/ament_index/resource_index/packages
[2.801s] copying package.xml -> /home/argo/krishna/robot/install/robot_bringup/share/robot_bringup
[2.801s] creating /home/argo/krishna/robot/install/robot_bringup/share/robot_bringup/launch
[2.801s] copying launch/slam_launch.py -> /home/argo/krishna/robot/install/robot_bringup/share/robot_bringup/launch
[2.803s] copying launch/bringup_launch.py -> /home/argo/krishna/robot/install/robot_bringup/share/robot_bringup/launch
[2.803s] creating /home/argo/krishna/robot/install/robot_bringup/share/robot_bringup/config
[2.803s] copying ../../config/mapper_params_online_async.yaml -> /home/argo/krishna/robot/install/robot_bringup/share/robot_bringup/config
[2.804s] copying ../../config/slam_view.rviz -> /home/argo/krishna/robot/install/robot_bringup/share/robot_bringup/config
[2.805s] creating /home/argo/krishna/robot/install/robot_bringup/share/robot_bringup/urdf
[2.805s] copying urdf/robot.urdf.xacro -> /home/argo/krishna/robot/install/robot_bringup/share/robot_bringup/urdf
[2.806s] running install_egg_info
[2.812s] Copying ../../build/robot_bringup/robot_bringup.egg-info to /home/argo/krishna/robot/install/robot_bringup/lib/python3.10/site-packages/robot_bringup-0.0.1-py3.10.egg-info
[2.814s] running install_scripts
[2.874s] Installing serial_bridge_node script to /home/argo/krishna/robot/install/robot_bringup/lib/robot_bringup
[2.875s] Installing teleop_keyboard script to /home/argo/krishna/robot/install/robot_bringup/lib/robot_bringup
[2.875s] writing list of installed files to '/home/argo/krishna/robot/build/robot_bringup/install.log'
[3.006s] Invoked command in '/home/argo/krishna/robot/src/robot_bringup' returned '0': PYTHONPATH=/home/argo/krishna/robot/build/robot_bringup/prefix_override:/usr/lib/python3/dist-packages/colcon_core/task/python/colcon_distutils_commands:/home/argo/krishna/robot/install/robot_bringup/lib/python3.10/site-packages:${PYTHONPATH} /usr/bin/python3 -W ignore:setup.py install is deprecated -W ignore:easy_install command is deprecated setup.py egg_info --egg-base ../../build/robot_bringup build --build-base /home/argo/krishna/robot/build/robot_bringup/build install --record /home/argo/krishna/robot/build/robot_bringup/install.log --single-version-externally-managed install_data
