[2.001s] Invoking command in '/home/argo/krishna/robot/src/robot_bringup': PYTHONPATH=/home/argo/krishna/robot/build/robot_bringup/prefix_override:/usr/lib/python3/dist-packages/colcon_core/task/python/colcon_distutils_commands:/home/argo/krishna/robot/install/robot_bringup/lib/python3.10/site-packages:${PYTHONPATH} /usr/bin/python3 -W ignore:setup.py install is deprecated -W ignore:easy_install command is deprecated setup.py egg_info --egg-base ../../build/robot_bringup build --build-base /home/argo/krishna/robot/build/robot_bringup/build install --record /home/argo/krishna/robot/build/robot_bringup/install.log --single-version-externally-managed install_data
[2.716s] running egg_info
[2.717s] writing ../../build/robot_bringup/robot_bringup.egg-info/PKG-INFO
[2.718s] writing dependency_links to ../../build/robot_bringup/robot_bringup.egg-info/dependency_links.txt
[2.719s] writing entry points to ../../build/robot_bringup/robot_bringup.egg-info/entry_points.txt
[2.719s] writing requirements to ../../build/robot_bringup/robot_bringup.egg-info/requires.txt
[2.720s] writing top-level names to ../../build/robot_bringup/robot_bringup.egg-info/top_level.txt
[2.728s] reading manifest file '../../build/robot_bringup/robot_bringup.egg-info/SOURCES.txt'
[2.731s] writing manifest file '../../build/robot_bringup/robot_bringup.egg-info/SOURCES.txt'
[2.731s] running build
[2.732s] running build_py
[2.732s] running install
[2.733s] running install_lib
[2.737s] running install_data
[2.738s] copying ../../config/mapper_params_online_async.yaml -> /home/argo/krishna/robot/install/robot_bringup/share/robot_bringup/config
[2.738s] running install_egg_info
[2.745s] removing '/home/argo/krishna/robot/install/robot_bringup/lib/python3.10/site-packages/robot_bringup-0.0.1-py3.10.egg-info' (and everything under it)
[2.746s] Copying ../../build/robot_bringup/robot_bringup.egg-info to /home/argo/krishna/robot/install/robot_bringup/lib/python3.10/site-packages/robot_bringup-0.0.1-py3.10.egg-info
[2.751s] running install_scripts
[2.808s] Installing serial_bridge_node script to /home/argo/krishna/robot/install/robot_bringup/lib/robot_bringup
[2.809s] Installing teleop_keyboard script to /home/argo/krishna/robot/install/robot_bringup/lib/robot_bringup
[2.810s] writing list of installed files to '/home/argo/krishna/robot/build/robot_bringup/install.log'
[2.938s] Invoked command in '/home/argo/krishna/robot/src/robot_bringup' returned '0': PYTHONPATH=/home/argo/krishna/robot/build/robot_bringup/prefix_override:/usr/lib/python3/dist-packages/colcon_core/task/python/colcon_distutils_commands:/home/argo/krishna/robot/install/robot_bringup/lib/python3.10/site-packages:${PYTHONPATH} /usr/bin/python3 -W ignore:setup.py install is deprecated -W ignore:easy_install command is deprecated setup.py egg_info --egg-base ../../build/robot_bringup build --build-base /home/argo/krishna/robot/build/robot_bringup/build install --record /home/argo/krishna/robot/build/robot_bringup/install.log --single-version-externally-managed install_data
