[0.000000] (-) TimerEvent: {}
[0.000785] (robot_bringup) JobQueued: {'identifier': 'robot_bringup', 'dependencies': OrderedDict()}
[0.002204] (robot_bringup) JobStarted: {'identifier': 'robot_bringup'}
[0.098743] (-) TimerEvent: {}
[0.199657] (-) TimerEvent: {}
[0.300537] (-) TimerEvent: {}
[0.401490] (-) TimerEvent: {}
[0.502459] (-) TimerEvent: {}
[0.603285] (-) TimerEvent: {}
[0.703975] (-) TimerEvent: {}
[0.805042] (-) TimerEvent: {}
[0.906099] (-) TimerEvent: {}
[1.006922] (-) TimerEvent: {}
[1.107828] (-) TimerEvent: {}
[1.208680] (-) TimerEvent: {}
[1.309618] (-) TimerEvent: {}
[1.410601] (-) TimerEvent: {}
[1.511551] (-) TimerEvent: {}
[1.612487] (-) TimerEvent: {}
[1.713441] (-) TimerEvent: {}
[1.814710] (-) TimerEvent: {}
[1.915687] (-) TimerEvent: {}
[2.016845] (robot_bringup) Command: {'cmd': ['/usr/bin/python3', '-W', 'ignore:setup.py install is deprecated', '-W', 'ignore:easy_install command is deprecated', 'setup.py', 'egg_info', '--egg-base', '../../build/robot_bringup', 'build', '--build-base', '/home/argo/krishna/robot/build/robot_bringup/build', 'install', '--record', '/home/argo/krishna/robot/build/robot_bringup/install.log', '--single-version-externally-managed', 'install_data'], 'cwd': '/home/argo/krishna/robot/src/robot_bringup', 'env': {'VNCDESKTOP': 'argo-desktop:2 (argo)', 'LANGUAGE': 'en_IN:en', 'USER': 'argo', 'SSH_CLIENT': '192.168.1.9 44112 22', 'SSH_AGENT_PID': '3642', 'XDG_SESSION_TYPE': 'x11', 'SHLVL': '2', 'LIBGL_ALWAYS_SOFTWARE': '1', 'LD_LIBRARY_PATH': '/opt/ros/humble/opt/rviz_ogre_vendor/lib:/opt/ros/humble/lib/aarch64-linux-gnu:/opt/ros/humble/opt/openvdb_vendor/lib:/opt/ros/humble/lib:/home/argo/EaiCameraSdk_v1.2.28.20241015/demo/linux_ros/ros2/ascamera/libs/lib/aarch64-linux-gnu:/home/argo/EaiCameraSdk_v1.2.28.20241015/demo/linux_ros/ros2/ascamera/libs/lib/aarch64-linux-gnu', 'MOTD_SHOWN': 'pam', 'HOME': '/home/argo', 'OLDPWD': '/home/argo', 'DESKTOP_SESSION': 'xfce', 'SSH_TTY': '/dev/pts/6', 'PANEL_GDK_CORE_DEVICE_EVENTS': '0', 'ROS_PYTHON_VERSION': '3', 'DBUS_SESSION_BUS_ADDRESS': 'unix:abstract=/tmp/dbus-RKGGSuGquJ,guid=88a8792b6e659c6020116ffe6a8e8d1d', 'COLORTERM': 'truecolor', 'COLCON_PREFIX_PATH': '/home/argo/krishna/robot/install', 'ROS_DISTRO': 'humble', 'LOGNAME': 'argo', 'WINDOWID': '48234499', '_': '/usr/bin/colcon', 'ROS_VERSION': '2', 'XDG_SESSION_CLASS': 'user', 'TERM': 'xterm-256color', 'XDG_SESSION_ID': '7', 'ROS_LOCALHOST_ONLY': '0', 'PATH': '/home/argo/piper:/home/argo/.local/bin:/home/argo/piper:/opt/ros/humble/bin:/usr/local/sbin:/usr/local/bin:/usr/sbin:/usr/bin:/sbin:/bin:/usr/games:/usr/local/games:/snap/bin', 'SESSION_MANAGER': 'local/argo-desktop:@/tmp/.ICE-unix/3593,unix/argo-desktop:/tmp/.ICE-unix/3593', 'XDG_MENU_PREFIX': 'xfce-', 'XDG_RUNTIME_DIR': '/run/user/1000', 'DISPLAY': ':2.0', 'LANG': 'en_IN', 'XDG_CURRENT_DESKTOP': 'XFCE', 'SSH_AUTH_SOCK': '/tmp/ssh-XXXXXXbqWXZ3/agent.3641', 'ROS_DOMAIN_ID': '0', 'AMENT_PREFIX_PATH': '/home/argo/krishna/robot/install/robot_bringup:/opt/ros/humble', 'SHELL': '/bin/bash', 'PWD': '/home/argo/krishna/robot/build/robot_bringup', 'QT_QPA_PLATFORM': 'xcb', 'LC_ALL': 'en_US.UTF-8', 'XDG_CONFIG_DIRS': '/etc/xdg', 'SSH_CONNECTION': '192.168.1.9 44112 192.168.1.16 22', 'XDG_DATA_DIRS': '/usr/local/share:/usr/share', 'PYTHONPATH': '/home/argo/krishna/robot/build/robot_bringup/prefix_override:/usr/lib/python3/dist-packages/colcon_core/task/python/colcon_distutils_commands:/home/argo/krishna/robot/install/robot_bringup/lib/python3.10/site-packages:/home/argo/krishna/robot/install/robot_bringup/lib/python3.10/site-packages:/opt/ros/humble/lib/python3.10/site-packages:/opt/ros/humble/local/lib/python3.10/dist-packages', 'COLCON': '1', 'VTE_VERSION': '6800'}, 'shell': False}
[2.021124] (-) TimerEvent: {}
[2.121961] (-) TimerEvent: {}
[2.222903] (-) TimerEvent: {}
[2.324141] (-) TimerEvent: {}
[2.425426] (-) TimerEvent: {}
[2.526758] (-) TimerEvent: {}
[2.628064] (-) TimerEvent: {}
[2.729031] (-) TimerEvent: {}
[2.786765] (robot_bringup) StdoutLine: {'line': b'running egg_info\n'}
[2.788792] (robot_bringup) StdoutLine: {'line': b'writing ../../build/robot_bringup/robot_bringup.egg-info/PKG-INFO\n'}
[2.790083] (robot_bringup) StdoutLine: {'line': b'writing dependency_links to ../../build/robot_bringup/robot_bringup.egg-info/dependency_links.txt\n'}
[2.790642] (robot_bringup) StdoutLine: {'line': b'writing entry points to ../../build/robot_bringup/robot_bringup.egg-info/entry_points.txt\n'}
[2.791146] (robot_bringup) StdoutLine: {'line': b'writing requirements to ../../build/robot_bringup/robot_bringup.egg-info/requires.txt\n'}
[2.791538] (robot_bringup) StdoutLine: {'line': b'writing top-level names to ../../build/robot_bringup/robot_bringup.egg-info/top_level.txt\n'}
[2.801606] (robot_bringup) StdoutLine: {'line': b"reading manifest file '../../build/robot_bringup/robot_bringup.egg-info/SOURCES.txt'\n"}
[2.803727] (robot_bringup) StdoutLine: {'line': b"writing manifest file '../../build/robot_bringup/robot_bringup.egg-info/SOURCES.txt'\n"}
[2.804140] (robot_bringup) StdoutLine: {'line': b'running build\n'}
[2.804377] (robot_bringup) StdoutLine: {'line': b'running build_py\n'}
[2.805194] (robot_bringup) StdoutLine: {'line': b'running install\n'}
[2.806178] (robot_bringup) StdoutLine: {'line': b'running install_lib\n'}
[2.809909] (robot_bringup) StdoutLine: {'line': b'running install_data\n'}
[2.810503] (robot_bringup) StdoutLine: {'line': b'copying ../../config/mapper_params_online_async.yaml -> /home/argo/krishna/robot/install/robot_bringup/share/robot_bringup/config\n'}
[2.811334] (robot_bringup) StdoutLine: {'line': b'running install_egg_info\n'}
[2.818163] (robot_bringup) StdoutLine: {'line': b"removing '/home/argo/krishna/robot/install/robot_bringup/lib/python3.10/site-packages/robot_bringup-0.0.1-py3.10.egg-info' (and everything under it)\n"}
[2.819529] (robot_bringup) StdoutLine: {'line': b'Copying ../../build/robot_bringup/robot_bringup.egg-info to /home/argo/krishna/robot/install/robot_bringup/lib/python3.10/site-packages/robot_bringup-0.0.1-py3.10.egg-info\n'}
[2.822899] (robot_bringup) StdoutLine: {'line': b'running install_scripts\n'}
[2.829059] (-) TimerEvent: {}
[2.884515] (robot_bringup) StdoutLine: {'line': b'Installing serial_bridge_node script to /home/argo/krishna/robot/install/robot_bringup/lib/robot_bringup\n'}
[2.885296] (robot_bringup) StdoutLine: {'line': b'Installing teleop_keyboard script to /home/argo/krishna/robot/install/robot_bringup/lib/robot_bringup\n'}
[2.886825] (robot_bringup) StdoutLine: {'line': b"writing list of installed files to '/home/argo/krishna/robot/build/robot_bringup/install.log'\n"}
[2.929244] (-) TimerEvent: {}
[3.019870] (robot_bringup) CommandEnded: {'returncode': 0}
[3.101828] (-) TimerEvent: {}
[3.144934] (robot_bringup) JobEnded: {'identifier': 'robot_bringup', 'rc': 0}
[3.147560] (-) EventReactorShutdown: {}
