[0.000000] (-) TimerEvent: {}
[0.000757] (robot_bringup) JobQueued: {'identifier': 'robot_bringup', 'dependencies': OrderedDict()}
[0.000872] (robot_bringup) JobStarted: {'identifier': 'robot_bringup'}
[0.095538] (-) TimerEvent: {}
[0.196578] (-) TimerEvent: {}
[0.297553] (-) TimerEvent: {}
[0.399323] (-) TimerEvent: {}
[0.500297] (-) TimerEvent: {}
[0.601301] (-) TimerEvent: {}
[0.702316] (-) TimerEvent: {}
[0.803266] (-) TimerEvent: {}
[0.904294] (-) TimerEvent: {}
[1.005389] (-) TimerEvent: {}
[1.106387] (-) TimerEvent: {}
[1.207400] (-) TimerEvent: {}
[1.308353] (-) TimerEvent: {}
[1.409504] (-) TimerEvent: {}
[1.510478] (-) TimerEvent: {}
[1.615547] (-) TimerEvent: {}
[1.716507] (-) TimerEvent: {}
[1.817470] (-) TimerEvent: {}
[1.918472] (-) TimerEvent: {}
[2.019512] (-) TimerEvent: {}
[2.100883] (robot_bringup) Command: {'cmd': ['/usr/bin/python3', '-W', 'ignore:setup.py install is deprecated', '-W', 'ignore:easy_install command is deprecated', 'setup.py', 'egg_info', '--egg-base', '../../build/robot_bringup', 'build', '--build-base', '/home/argo/krishna/robot/build/robot_bringup/build', 'install', '--record', '/home/argo/krishna/robot/build/robot_bringup/install.log', '--single-version-externally-managed', 'install_data'], 'cwd': '/home/argo/krishna/robot/src/robot_bringup', 'env': {'VNCDESKTOP': 'argo-desktop:1 (argo)', 'LANGUAGE': 'en_IN:en', 'USER': 'argo', 'SSH_CLIENT': '192.168.1.9 55948 22', 'SSH_AGENT_PID': '2288', 'XDG_SESSION_TYPE': 'x11', 'SHLVL': '2', 'LIBGL_ALWAYS_SOFTWARE': '1', 'LD_LIBRARY_PATH': '/opt/ros/humble/opt/rviz_ogre_vendor/lib:/opt/ros/humble/lib/aarch64-linux-gnu:/opt/ros/humble/opt/openvdb_vendor/lib:/opt/ros/humble/lib:/home/argo/EaiCameraSdk_v1.2.28.20241015/demo/linux_ros/ros2/ascamera/libs/lib/aarch64-linux-gnu:/home/argo/EaiCameraSdk_v1.2.28.20241015/demo/linux_ros/ros2/ascamera/libs/lib/aarch64-linux-gnu', 'MOTD_SHOWN': 'pam', 'HOME': '/home/argo', 'OLDPWD': '/home/argo/krishna/robot/src', 'DESKTOP_SESSION': 'xfce', 'SSH_TTY': '/dev/pts/1', 'ROS_PYTHON_VERSION': '3', 'DBUS_SESSION_BUS_ADDRESS': 'unix:abstract=/tmp/dbus-dRH1T11XGo,guid=52297a559fdeaa68a68e69946a8e6eec', 'COLORTERM': 'truecolor', 'COLCON_PREFIX_PATH': '/home/argo/krishna/robot/install', 'ROS_DISTRO': 'humble', 'LOGNAME': 'argo', 'WINDOWID': '27269425', '_': '/usr/bin/colcon', 'ROS_VERSION': '2', 'XDG_SESSION_CLASS': 'user', 'TERM': 'xterm-256color', 'XDG_SESSION_ID': '4', 'ROS_LOCALHOST_ONLY': '0', 'PATH': '/home/argo/piper:/home/argo/.local/bin:/home/argo/piper:/opt/ros/humble/bin:/usr/local/sbin:/usr/local/bin:/usr/sbin:/usr/bin:/sbin:/bin:/usr/games:/usr/local/games:/snap/bin', 'SESSION_MANAGER': 'local/argo-desktop:@/tmp/.ICE-unix/2237,unix/argo-desktop:/tmp/.ICE-unix/2237', 'XDG_MENU_PREFIX': 'xfce-', 'XDG_RUNTIME_DIR': '/run/user/1000', 'DISPLAY': ':1.0', 'LANG': 'en_IN', 'XDG_CURRENT_DESKTOP': 'XFCE', 'SSH_AUTH_SOCK': '/tmp/ssh-XXXXXX1Lc906/agent.2287', 'ROS_DOMAIN_ID': '0', 'AMENT_PREFIX_PATH': '/home/argo/krishna/robot/install/robot_bringup:/opt/ros/humble', 'SHELL': '/bin/bash', 'PWD': '/home/argo/krishna/robot/build/robot_bringup', 'QT_QPA_PLATFORM': 'xcb', 'LC_ALL': 'en_US.UTF-8', 'XDG_CONFIG_DIRS': '/etc/xdg', 'SSH_CONNECTION': '192.168.1.9 55948 192.168.1.16 22', 'XDG_DATA_DIRS': '/usr/local/share:/usr/share', 'PYTHONPATH': '/home/argo/krishna/robot/build/robot_bringup/prefix_override:/usr/lib/python3/dist-packages/colcon_core/task/python/colcon_distutils_commands:/home/argo/krishna/robot/install/robot_bringup/lib/python3.10/site-packages:/home/krishna/slam_robot_ws/build/robot_bringup:/home/argo/krishna/robot/install/robot_bringup/lib/python3.10/site-packages:/opt/ros/humble/lib/python3.10/site-packages:/opt/ros/humble/local/lib/python3.10/dist-packages', 'COLCON': '1', 'VTE_VERSION': '6800'}, 'shell': False}
[2.120177] (-) TimerEvent: {}
[2.221155] (-) TimerEvent: {}
[2.322859] (-) TimerEvent: {}
[2.423870] (-) TimerEvent: {}
[2.524838] (-) TimerEvent: {}
[2.626053] (-) TimerEvent: {}
[2.727023] (-) TimerEvent: {}
[2.828336] (-) TimerEvent: {}
[2.853863] (robot_bringup) StdoutLine: {'line': b'running egg_info\n'}
[2.857289] (robot_bringup) StdoutLine: {'line': b'writing ../../build/robot_bringup/robot_bringup.egg-info/PKG-INFO\n'}
[2.857931] (robot_bringup) StdoutLine: {'line': b'writing dependency_links to ../../build/robot_bringup/robot_bringup.egg-info/dependency_links.txt\n'}
[2.858734] (robot_bringup) StdoutLine: {'line': b'writing entry points to ../../build/robot_bringup/robot_bringup.egg-info/entry_points.txt\n'}
[2.859071] (robot_bringup) StdoutLine: {'line': b'writing requirements to ../../build/robot_bringup/robot_bringup.egg-info/requires.txt\n'}
[2.859265] (robot_bringup) StdoutLine: {'line': b'writing top-level names to ../../build/robot_bringup/robot_bringup.egg-info/top_level.txt\n'}
[2.871149] (robot_bringup) StdoutLine: {'line': b"reading manifest file '../../build/robot_bringup/robot_bringup.egg-info/SOURCES.txt'\n"}
[2.873174] (robot_bringup) StdoutLine: {'line': b"writing manifest file '../../build/robot_bringup/robot_bringup.egg-info/SOURCES.txt'\n"}
[2.873789] (robot_bringup) StdoutLine: {'line': b'running build\n'}
[2.874253] (robot_bringup) StdoutLine: {'line': b'running build_py\n'}
[2.874793] (robot_bringup) StdoutLine: {'line': b'running install\n'}
[2.875841] (robot_bringup) StdoutLine: {'line': b'running install_lib\n'}
[2.880259] (robot_bringup) StdoutLine: {'line': b'running install_data\n'}
[2.881125] (robot_bringup) StdoutLine: {'line': b'copying ../../config/mapper_params_online_async.yaml -> /home/argo/krishna/robot/install/robot_bringup/share/robot_bringup/config\n'}
[2.881580] (robot_bringup) StdoutLine: {'line': b'running install_egg_info\n'}
[2.886767] (robot_bringup) StdoutLine: {'line': b"removing '/home/argo/krishna/robot/install/robot_bringup/lib/python3.10/site-packages/robot_bringup-0.0.1-py3.10.egg-info' (and everything under it)\n"}
[2.887800] (robot_bringup) StdoutLine: {'line': b'Copying ../../build/robot_bringup/robot_bringup.egg-info to /home/argo/krishna/robot/install/robot_bringup/lib/python3.10/site-packages/robot_bringup-0.0.1-py3.10.egg-info\n'}
[2.890784] (robot_bringup) StdoutLine: {'line': b'running install_scripts\n'}
[2.928527] (-) TimerEvent: {}
[2.951486] (robot_bringup) StdoutLine: {'line': b'Installing serial_bridge_node script to /home/argo/krishna/robot/install/robot_bringup/lib/robot_bringup\n'}
[2.952294] (robot_bringup) StdoutLine: {'line': b'Installing teleop_keyboard script to /home/argo/krishna/robot/install/robot_bringup/lib/robot_bringup\n'}
[2.953362] (robot_bringup) StdoutLine: {'line': b"writing list of installed files to '/home/argo/krishna/robot/build/robot_bringup/install.log'\n"}
[3.028821] (-) TimerEvent: {}
[3.087041] (robot_bringup) CommandEnded: {'returncode': 0}
[3.122294] (robot_bringup) JobEnded: {'identifier': 'robot_bringup', 'rc': 0}
[3.124626] (-) EventReactorShutdown: {}
