[0.000000] (-) TimerEvent: {}
[0.000621] (robot_bringup) JobQueued: {'identifier': 'robot_bringup', 'dependencies': OrderedDict()}
[0.001708] (robot_bringup) JobStarted: {'identifier': 'robot_bringup'}
[0.099053] (-) TimerEvent: {}
[0.199969] (-) TimerEvent: {}
[0.301025] (-) TimerEvent: {}
[0.401955] (-) TimerEvent: {}
[0.502912] (-) TimerEvent: {}
[0.603912] (-) TimerEvent: {}
[0.704852] (-) TimerEvent: {}
[0.805827] (-) TimerEvent: {}
[0.906921] (-) TimerEvent: {}
[1.007965] (-) TimerEvent: {}
[1.108974] (-) TimerEvent: {}
[1.209934] (-) TimerEvent: {}
[1.310909] (-) TimerEvent: {}
[1.411913] (-) TimerEvent: {}
[1.512911] (-) TimerEvent: {}
[1.613850] (-) TimerEvent: {}
[1.714839] (-) TimerEvent: {}
[1.815823] (-) TimerEvent: {}
[1.916813] (-) TimerEvent: {}
[1.997038] (robot_bringup) Command: {'cmd': ['/usr/bin/python3', '-W', 'ignore:setup.py install is deprecated', '-W', 'ignore:easy_install command is deprecated', 'setup.py', 'egg_info', '--egg-base', '../../build/robot_bringup', 'build', '--build-base', '/home/argo/krishna/robot/build/robot_bringup/build', 'install', '--record', '/home/argo/krishna/robot/build/robot_bringup/install.log', '--single-version-externally-managed', 'install_data'], 'cwd': '/home/argo/krishna/robot/src/robot_bringup', 'env': {'VNCDESKTOP': 'argo-desktop:2 (argo)', 'LANGUAGE': 'en_IN:en', 'USER': 'argo', 'SSH_CLIENT': '192.168.1.9 44112 22', 'SSH_AGENT_PID': '3642', 'XDG_SESSION_TYPE': 'x11', 'SHLVL': '2', 'LIBGL_ALWAYS_SOFTWARE': '1', 'LD_LIBRARY_PATH': '/opt/ros/humble/opt/rviz_ogre_vendor/lib:/opt/ros/humble/lib/aarch64-linux-gnu:/opt/ros/humble/opt/openvdb_vendor/lib:/opt/ros/humble/lib:/home/argo/EaiCameraSdk_v1.2.28.20241015/demo/linux_ros/ros2/ascamera/libs/lib/aarch64-linux-gnu:/home/argo/EaiCameraSdk_v1.2.28.20241015/demo/linux_ros/ros2/ascamera/libs/lib/aarch64-linux-gnu', 'MOTD_SHOWN': 'pam', 'HOME': '/home/argo', 'OLDPWD': '/home/argo', 'DESKTOP_SESSION': 'xfce', 'SSH_TTY': '/dev/pts/6', 'PANEL_GDK_CORE_DEVICE_EVENTS': '0', 'ROS_PYTHON_VERSION': '3', 'DBUS_SESSION_BUS_ADDRESS': 'unix:abstract=/tmp/dbus-RKGGSuGquJ,guid=88a8792b6e659c6020116ffe6a8e8d1d', 'COLORTERM': 'truecolor', 'ROS_DISTRO': 'humble', 'LOGNAME': 'argo', 'WINDOWID': '48234499', '_': '/usr/bin/colcon', 'ROS_VERSION': '2', 'XDG_SESSION_CLASS': 'user', 'TERM': 'xterm-256color', 'XDG_SESSION_ID': '7', 'ROS_LOCALHOST_ONLY': '0', 'PATH': '/home/argo/piper:/home/argo/.local/bin:/home/argo/piper:/opt/ros/humble/bin:/usr/local/sbin:/usr/local/bin:/usr/sbin:/usr/bin:/sbin:/bin:/usr/games:/usr/local/games:/snap/bin', 'SESSION_MANAGER': 'local/argo-desktop:@/tmp/.ICE-unix/3593,unix/argo-desktop:/tmp/.ICE-unix/3593', 'XDG_MENU_PREFIX': 'xfce-', 'XDG_RUNTIME_DIR': '/run/user/1000', 'DISPLAY': ':2.0', 'LANG': 'en_IN', 'XDG_CURRENT_DESKTOP': 'XFCE', 'SSH_AUTH_SOCK': '/tmp/ssh-XXXXXXbqWXZ3/agent.3641', 'ROS_DOMAIN_ID': '0', 'AMENT_PREFIX_PATH': '/opt/ros/humble', 'SHELL': '/bin/bash', 'PWD': '/home/argo/krishna/robot/build/robot_bringup', 'QT_QPA_PLATFORM': 'xcb', 'LC_ALL': 'en_US.UTF-8', 'XDG_CONFIG_DIRS': '/etc/xdg', 'SSH_CONNECTION': '192.168.1.9 44112 192.168.1.16 22', 'XDG_DATA_DIRS': '/usr/local/share:/usr/share', 'PYTHONPATH': '/home/argo/krishna/robot/build/robot_bringup/prefix_override:/usr/lib/python3/dist-packages/colcon_core/task/python/colcon_distutils_commands:/home/argo/krishna/robot/install/robot_bringup/lib/python3.10/site-packages:/opt/ros/humble/lib/python3.10/site-packages:/opt/ros/humble/local/lib/python3.10/dist-packages', 'COLCON': '1', 'VTE_VERSION': '6800'}, 'shell': False}
[2.017342] (-) TimerEvent: {}
[2.118190] (-) TimerEvent: {}
[2.219091] (-) TimerEvent: {}
[2.320006] (-) TimerEvent: {}
[2.420991] (-) TimerEvent: {}
[2.521933] (-) TimerEvent: {}
[2.622994] (-) TimerEvent: {}
[2.717244] (robot_bringup) StdoutLine: {'line': b'running egg_info\n'}
[2.719128] (robot_bringup) StdoutLine: {'line': b'writing ../../build/robot_bringup/robot_bringup.egg-info/PKG-INFO\n'}
[2.720055] (robot_bringup) StdoutLine: {'line': b'writing dependency_links to ../../build/robot_bringup/robot_bringup.egg-info/dependency_links.txt\n'}
[2.720695] (robot_bringup) StdoutLine: {'line': b'writing entry points to ../../build/robot_bringup/robot_bringup.egg-info/entry_points.txt\n'}
[2.721044] (robot_bringup) StdoutLine: {'line': b'writing requirements to ../../build/robot_bringup/robot_bringup.egg-info/requires.txt\n'}
[2.721428] (robot_bringup) StdoutLine: {'line': b'writing top-level names to ../../build/robot_bringup/robot_bringup.egg-info/top_level.txt\n'}
[2.723025] (-) TimerEvent: {}
[2.729977] (robot_bringup) StdoutLine: {'line': b"reading manifest file '../../build/robot_bringup/robot_bringup.egg-info/SOURCES.txt'\n"}
[2.732854] (robot_bringup) StdoutLine: {'line': b"writing manifest file '../../build/robot_bringup/robot_bringup.egg-info/SOURCES.txt'\n"}
[2.733198] (robot_bringup) StdoutLine: {'line': b'running build\n'}
[2.733433] (robot_bringup) StdoutLine: {'line': b'running build_py\n'}
[2.734169] (robot_bringup) StdoutLine: {'line': b'running install\n'}
[2.735036] (robot_bringup) StdoutLine: {'line': b'running install_lib\n'}
[2.738773] (robot_bringup) StdoutLine: {'line': b'running install_data\n'}
[2.739447] (robot_bringup) StdoutLine: {'line': b'copying ../../config/mapper_params_online_async.yaml -> /home/argo/krishna/robot/install/robot_bringup/share/robot_bringup/config\n'}
[2.740079] (robot_bringup) StdoutLine: {'line': b'running install_egg_info\n'}
[2.747068] (robot_bringup) StdoutLine: {'line': b"removing '/home/argo/krishna/robot/install/robot_bringup/lib/python3.10/site-packages/robot_bringup-0.0.1-py3.10.egg-info' (and everything under it)\n"}
[2.748185] (robot_bringup) StdoutLine: {'line': b'Copying ../../build/robot_bringup/robot_bringup.egg-info to /home/argo/krishna/robot/install/robot_bringup/lib/python3.10/site-packages/robot_bringup-0.0.1-py3.10.egg-info\n'}
[2.752355] (robot_bringup) StdoutLine: {'line': b'running install_scripts\n'}
[2.809761] (robot_bringup) StdoutLine: {'line': b'Installing serial_bridge_node script to /home/argo/krishna/robot/install/robot_bringup/lib/robot_bringup\n'}
[2.810549] (robot_bringup) StdoutLine: {'line': b'Installing teleop_keyboard script to /home/argo/krishna/robot/install/robot_bringup/lib/robot_bringup\n'}
[2.811543] (robot_bringup) StdoutLine: {'line': b"writing list of installed files to '/home/argo/krishna/robot/build/robot_bringup/install.log'\n"}
[2.823291] (-) TimerEvent: {}
[2.924445] (-) TimerEvent: {}
[2.939407] (robot_bringup) CommandEnded: {'returncode': 0}
[2.987102] (robot_bringup) JobEnded: {'identifier': 'robot_bringup', 'rc': 0}
[2.990691] (-) EventReactorShutdown: {}
